Component: ARM Compiler 5.05 update 2 (build 169) Tool: armlink [4d0f33]

==============================================================================

Section Cross References

    main.o(i.Disp_Power_On_Logo) refers to bsp_oled12864.o(i.GUI_Clear) for GUI_Clear
    main.o(i.Disp_Power_On_Logo) refers to bsp_oled12864.o(i._Draw_String_HZ_H) for _Draw_String_HZ_H
    main.o(i.Disp_Weight_Max_Value) refers to bsp_oled12864.o(i._Draw_String_Ascii) for _Draw_String_Ascii
    main.o(i.Disp_Weight_Max_Value) refers to bsp_oled12864.o(i._Draw_One_Ascii) for _Draw_One_Ascii
    main.o(i.Disp_Weight_value) refers to bsp_oled12864.o(i._Draw_String_Ascii) for _Draw_String_Ascii
    main.o(i.Disp_Weight_value) refers to bsp_oled12864.o(i._Draw_One_Ascii) for _Draw_One_Ascii
    main.o(i.Disp_Weight_value_Init) refers to bsp_oled12864.o(i.GUI_Clear) for GUI_Clear
    main.o(i.Disp_Weight_value_Init) refers to bsp_oled12864.o(i._Draw_String_HZ_H) for _Draw_String_HZ_H
    main.o(i.Disp_Weight_value_Init) refers to bsp_oled12864.o(i._Draw_String_Ascii) for _Draw_String_Ascii
    main.o(i.Disp_Weight_value_Init) refers to main.o(i.Disp_Weight_value) for Disp_Weight_value
    main.o(i.Disp_Weight_value_Init) refers to main.o(i.Disp_Weight_Max_Value) for Disp_Weight_Max_Value
    main.o(i.PrintfLogo) refers to printf8.o(i.__0printf$8) for __2printf
    main.o(i.main) refers to bsp.o(i.bsp_Init) for bsp_Init
    main.o(i.main) refers to bsp_timer.o(i.bsp_StartAutoTimer) for bsp_StartAutoTimer
    main.o(i.main) refers to bsp_oled12864.o(i.OLED_Init) for OLED_Init
    main.o(i.main) refers to bsp_hx711.o(i.Hx711_GPIO_Config) for Hx711_GPIO_Config
    main.o(i.main) refers to main.o(i.Disp_Power_On_Logo) for Disp_Power_On_Logo
    main.o(i.main) refers to bsp_oled12864.o(i.GUI_Exec) for GUI_Exec
    main.o(i.main) refers to bsp_hx711.o(i.HX711_Read) for HX711_Read
    main.o(i.main) refers to bsp_hx711.o(i.HX711_2_Read) for HX711_2_Read
    main.o(i.main) refers to bsp_timer.o(i.bsp_DelayMS) for bsp_DelayMS
    main.o(i.main) refers to bsp_hx711.o(i.Get_Weight) for Get_Weight
    main.o(i.main) refers to main.o(i.Disp_Weight_value_Init) for Disp_Weight_value_Init
    main.o(i.main) refers to bsp.o(i.bsp_Idle) for bsp_Idle
    main.o(i.main) refers to bsp_timer.o(i.bsp_CheckTimer) for bsp_CheckTimer
    main.o(i.main) refers to bsp_led.o(i.bsp_LedToggle) for bsp_LedToggle
    main.o(i.main) refers to printf8.o(i.__0printf$8) for __2printf
    main.o(i.main) refers to main.o(i.Disp_Weight_value) for Disp_Weight_value
    main.o(i.main) refers to main.o(i.Disp_Weight_Max_Value) for Disp_Weight_Max_Value
    main.o(i.main) refers to bsp_hx711.o(.bss) for Weight
    bsp_key.o(i.IsKeyDown10) refers to bsp_key.o(i.IsKeyDown1) for IsKeyDown1
    bsp_key.o(i.IsKeyDown10) refers to bsp_key.o(i.IsKeyDown2) for IsKeyDown2
    bsp_key.o(i.IsKeyDown9) refers to bsp_key.o(i.IsKeyDown1) for IsKeyDown1
    bsp_key.o(i.IsKeyDown9) refers to bsp_key.o(i.IsKeyDown2) for IsKeyDown2
    bsp_key.o(i.bsp_DetectKey) refers to bsp_key.o(i.bsp_PutKey) for bsp_PutKey
    bsp_key.o(i.bsp_DetectKey) refers to bsp_key.o(.bss) for s_tBtn
    bsp_key.o(i.bsp_GetKey) refers to bsp_key.o(.bss) for s_tKey
    bsp_key.o(i.bsp_GetKey2) refers to bsp_key.o(.bss) for s_tKey
    bsp_key.o(i.bsp_GetKeyState) refers to bsp_key.o(.bss) for s_tBtn
    bsp_key.o(i.bsp_InitKey) refers to bsp_key.o(i.bsp_InitKeyVar) for bsp_InitKeyVar
    bsp_key.o(i.bsp_InitKey) refers to bsp_key.o(i.bsp_InitKeyHard) for bsp_InitKeyHard
    bsp_key.o(i.bsp_InitKeyHard) refers to stm32f4xx_rcc.o(i.RCC_AHB1PeriphClockCmd) for RCC_AHB1PeriphClockCmd
    bsp_key.o(i.bsp_InitKeyHard) refers to stm32f4xx_gpio.o(i.GPIO_Init) for GPIO_Init
    bsp_key.o(i.bsp_InitKeyVar) refers to bsp_key.o(.bss) for s_tKey
    bsp_key.o(i.bsp_InitKeyVar) refers to bsp_key.o(i.IsKeyDown1) for IsKeyDown1
    bsp_key.o(i.bsp_InitKeyVar) refers to bsp_key.o(i.IsKeyDown2) for IsKeyDown2
    bsp_key.o(i.bsp_InitKeyVar) refers to bsp_key.o(i.IsKeyDown3) for IsKeyDown3
    bsp_key.o(i.bsp_InitKeyVar) refers to bsp_key.o(i.IsKeyDown4) for IsKeyDown4
    bsp_key.o(i.bsp_InitKeyVar) refers to bsp_key.o(i.IsKeyDown5) for IsKeyDown5
    bsp_key.o(i.bsp_InitKeyVar) refers to bsp_key.o(i.IsKeyDown6) for IsKeyDown6
    bsp_key.o(i.bsp_InitKeyVar) refers to bsp_key.o(i.IsKeyDown7) for IsKeyDown7
    bsp_key.o(i.bsp_InitKeyVar) refers to bsp_key.o(i.IsKeyDown8) for IsKeyDown8
    bsp_key.o(i.bsp_InitKeyVar) refers to bsp_key.o(i.IsKeyDown9) for IsKeyDown9
    bsp_key.o(i.bsp_InitKeyVar) refers to bsp_key.o(i.IsKeyDown10) for IsKeyDown10
    bsp_key.o(i.bsp_KeyScan) refers to bsp_key.o(i.bsp_DetectKey) for bsp_DetectKey
    bsp_key.o(i.bsp_PutKey) refers to bsp_key.o(.bss) for s_tKey
    bsp_led.o(i.bsp_InitLed) refers to stm32f4xx_rcc.o(i.RCC_AHB1PeriphClockCmd) for RCC_AHB1PeriphClockCmd
    bsp_led.o(i.bsp_InitLed) refers to bsp_led.o(i.bsp_LedOff) for bsp_LedOff
[...]
    printf3.o(i.__0vsprintf$3) refers to printf3.o(i._sputc) for _sputc
    printf3.o(i._printf_core) refers to uidiv.o(.text) for __aeabi_uidivmod
    printf4.o(i.__0fprintf$4) refers to printf4.o(i._printf_core) for _printf_core
    printf4.o(i.__0fprintf$4) refers to bsp_uart_fifo.o(i.fputc) for fputc
    printf4.o(i.__0printf$4) refers to printf4.o(i._printf_core) for _printf_core
    printf4.o(i.__0printf$4) refers to bsp_uart_fifo.o(i.fputc) for fputc
    printf4.o(i.__0printf$4) refers to stdout.o(.data) for __stdout
    printf4.o(i.__0snprintf$4) refers to printf4.o(i._printf_core) for _printf_core
    printf4.o(i.__0snprintf$4) refers to printf4.o(i._snputc) for _snputc
    printf4.o(i.__0sprintf$4) refers to printf4.o(i._printf_core) for _printf_core
    printf4.o(i.__0sprintf$4) refers to printf4.o(i._sputc) for _sputc
    printf4.o(i.__0vfprintf$4) refers to printf4.o(i._printf_core) for _printf_core
    printf4.o(i.__0vfprintf$4) refers to bsp_uart_fifo.o(i.fputc) for fputc
    printf4.o(i.__0vprintf$4) refers to printf4.o(i._printf_core) for _printf_core
    printf4.o(i.__0vprintf$4) refers to bsp_uart_fifo.o(i.fputc) for fputc
    printf4.o(i.__0vprintf$4) refers to stdout.o(.data) for __stdout
    printf4.o(i.__0vsnprintf$4) refers to printf4.o(i._printf_core) for _printf_core
    printf4.o(i.__0vsnprintf$4) refers to printf4.o(i._snputc) for _snputc
    printf4.o(i.__0vsprintf$4) refers to printf4.o(i._printf_core) for _printf_core
    printf4.o(i.__0vsprintf$4) refers to printf4.o(i._sputc) for _sputc
    printf4.o(i._printf_core) refers to uldiv.o(.text) for __aeabi_uldivmod
    printf5.o(i.__0fprintf$5) refers to printf5.o(i._printf_core) for _printf_core
    printf5.o(i.__0fprintf$5) refers to bsp_uart_fifo.o(i.fputc) for fputc
    printf5.o(i.__0printf$5) refers to printf5.o(i._printf_core) for _printf_core
    printf5.o(i.__0printf$5) refers to bsp_uart_fifo.o(i.fputc) for fputc
    printf5.o(i.__0printf$5) refers to stdout.o(.data) for __stdout
    printf5.o(i.__0snprintf$5) refers to printf5.o(i._printf_core) for _printf_core
    printf5.o(i.__0snprintf$5) refers to printf5.o(i._snputc) for _snputc
    printf5.o(i.__0sprintf$5) refers to printf5.o(i._printf_core) for _printf_core
    printf5.o(i.__0sprintf$5) refers to printf5.o(i._sputc) for _sputc
    printf5.o(i.__0vfprintf$5) refers to printf5.o(i._printf_core) for _printf_core
    printf5.o(i.__0vfprintf$5) refers to bsp_uart_fifo.o(i.fputc) for fputc
    printf5.o(i.__0vprintf$5) refers to printf5.o(i._printf_core) for _printf_core
    printf5.o(i.__0vprintf$5) refers to bsp_uart_fifo.o(i.fputc) for fputc
    printf5.o(i.__0vprintf$5) refers to stdout.o(.data) for __stdout
    printf5.o(i.__0vsnprintf$5) refers to printf5.o(i._printf_core) for _printf_core
    printf5.o(i.__0vsnprintf$5) refers to printf5.o(i._snputc) for _snputc
    printf5.o(i.__0vsprintf$5) refers to printf5.o(i._printf_core) for _printf_core
    printf5.o(i.__0vsprintf$5) refers to printf5.o(i._sputc) for _sputc
    printf5.o(i._printf_core) refers to uldiv.o(.text) for __aeabi_uldivmod
    printf6.o(i.__0fprintf$6) refers to printf6.o(i._printf_core) for _printf_core
    printf6.o(i.__0fprintf$6) refers to bsp_uart_fifo.o(i.fputc) for fputc
    printf6.o(i.__0printf$6) refers to printf6.o(i._printf_core) for _printf_core
    printf6.o(i.__0printf$6) refers to bsp_uart_fifo.o(i.fputc) for fputc
    printf6.o(i.__0printf$6) refers to stdout.o(.data) for __stdout
    printf6.o(i.__0snprintf$6) refers to printf6.o(i._printf_core) for _printf_core
    printf6.o(i.__0snprintf$6) refers to printf6.o(i._snputc) for _snputc
    printf6.o(i.__0sprintf$6) refers to printf6.o(i._printf_core) for _printf_core
    printf6.o(i.__0sprintf$6) refers to printf6.o(i._sputc) for _sputc
    printf6.o(i.__0vfprintf$6) refers to printf6.o(i._printf_core) for _printf_core
    printf6.o(i.__0vfprintf$6) refers to bsp_uart_fifo.o(i.fputc) for fputc
    printf6.o(i.__0vprintf$6) refers to printf6.o(i._printf_core) for _printf_core
    printf6.o(i.__0vprintf$6) refers to bsp_uart_fifo.o(i.fputc) for fputc
    printf6.o(i.__0vprintf$6) refers to stdout.o(.data) for __stdout
    printf6.o(i.__0vsnprintf$6) refers to printf6.o(i._printf_core) for _printf_core
    printf6.o(i.__0vsnprintf$6) refers to printf6.o(i._snputc) for _snputc
    printf6.o(i.__0vsprintf$6) refers to printf6.o(i._printf_core) for _printf_core
    printf6.o(i.__0vsprintf$6) refers to printf6.o(i._sputc) for _sputc
    printf6.o(i._printf_core) refers to printf6.o(i._printf_pre_padding) for _printf_pre_padding
    printf6.o(i._printf_core) refers to uidiv.o(.text) for __aeabi_uidivmod
    printf6.o(i._printf_core) refers to printf6.o(i._printf_post_padding) for _printf_post_padding
    printf7.o(i.__0fprintf$7) refers to printf7.o(i._printf_core) for _printf_core
    printf7.o(i.__0fprintf$7) refers to bsp_uart_fifo.o(i.fputc) for fputc
    printf7.o(i.__0printf$7) refers to printf7.o(i._printf_core) for _printf_core
    printf7.o(i.__0printf$7) refers to bsp_uart_fifo.o(i.fputc) for fputc
    printf7.o(i.__0printf$7) refers to stdout.o(.data) for __stdout
    printf7.o(i.__0snprintf$7) refers to printf7.o(i._printf_core) for _printf_core
    printf7.o(i.__0snprintf$7) refers to printf7.o(i._snputc) for _snputc
    printf7.o(i.__0sprintf$7) refers to printf7.o(i._printf_core) for _printf_core
    printf7.o(i.__0sprintf$7) refers to printf7.o(i._sputc) for _sputc
    printf7.o(i.__0vfprintf$7) refers to printf7.o(i._printf_core) for _printf_core
    printf7.o(i.__0vfprintf$7) refers to bsp_uart_fifo.o(i.fputc) for fputc
    printf7.o(i.__0vprintf$7) refers to printf7.o(i._printf_core) for _printf_core
    printf7.o(i.__0vprintf$7) refers to bsp_uart_fifo.o(i.fputc) for fputc
    printf7.o(i.__0vprintf$7) refers to stdout.o(.data) for __stdout
    printf7.o(i.__0vsnprintf$7) refers to printf7.o(i._printf_core) for _printf_core
    printf7.o(i.__0vsnprintf$7) refers to printf7.o(i._snputc) for _snputc
    printf7.o(i.__0vsprintf$7) refers to printf7.o(i._printf_core) for _printf_core
    printf7.o(i.__0vsprintf$7) refers to printf7.o(i._sputc) for _sputc
    printf7.o(i._printf_core) refers to printf7.o(i._printf_pre_padding) for _printf_pre_padding
    printf7.o(i._printf_core) refers to uldiv.o(.text) for __aeabi_uldivmod
    printf7.o(i._printf_core) refers to printf7.o(i._printf_post_padding) for _printf_post_padding
    printf8.o(i.__0fprintf$8) refers to printf8.o(i._printf_core) for _printf_core
    printf8.o(i.__0fprintf$8) refers to bsp_uart_fifo.o(i.fputc) for fputc
    printf8.o(i.__0printf$8) refers to printf8.o(i._printf_core) for _printf_core
    printf8.o(i.__0printf$8) refers to bsp_uart_fifo.o(i.fputc) for fputc
    printf8.o(i.__0printf$8) refers to stdout.o(.data) for __stdout
    printf8.o(i.__0snprintf$8) refers to printf8.o(i._printf_core) for _printf_core
    printf8.o(i.__0snprintf$8) refers to printf8.o(i._snputc) for _snputc
    printf8.o(i.__0sprintf$8) refers to printf8.o(i._printf_core) for _printf_core
    printf8.o(i.__0sprintf$8) refers to printf8.o(i._sputc) for _sputc
    printf8.o(i.__0vfprintf$8) refers to printf8.o(i._printf_core) for _printf_core
    printf8.o(i.__0vfprintf$8) refers to bsp_uart_fifo.o(i.fputc) for fputc
    printf8.o(i.__0vprintf$8) refers to printf8.o(i._printf_core) for _printf_core
    printf8.o(i.__0vprintf$8) refers to bsp_uart_fifo.o(i.fputc) for fputc
    printf8.o(i.__0vprintf$8) refers to stdout.o(.data) for __stdout
    printf8.o(i.__0vsnprintf$8) refers to printf8.o(i._printf_core) for _printf_core
    printf8.o(i.__0vsnprintf$8) refers to printf8.o(i._snputc) for _snputc
    printf8.o(i.__0vsprintf$8) refers to printf8.o(i._printf_core) for _printf_core
    printf8.o(i.__0vsprintf$8) refers to printf8.o(i._sputc) for _sputc
    printf8.o(i._printf_core) refers to printf8.o(i._printf_pre_padding) for _printf_pre_padding
    printf8.o(i._printf_core) refers to uldiv.o(.text) for __aeabi_uldivmod
    printf8.o(i._printf_core) refers to printf8.o(i._printf_post_padding) for _printf_post_padding
    printfa.o(i.__0fprintf) refers (Special) to iusefp.o(.text) for __I$use$fp
    printfa.o(i.__0fprintf) refers to printfa.o(i._printf_core) for _printf_core
    printfa.o(i.__0fprintf) refers to bsp_uart_fifo.o(i.fputc) for fputc
    printfa.o(i.__0printf) refers (Special) to iusefp.o(.text) for __I$use$fp
    printfa.o(i.__0printf) refers to printfa.o(i._printf_core) for _printf_core
    printfa.o(i.__0printf) refers to bsp_uart_fifo.o(i.fputc) for fputc
    printfa.o(i.__0printf) refers to stdout.o(.data) for __stdout
    printfa.o(i.__0snprintf) refers (Special) to iusefp.o(.text) for __I$use$fp
    printfa.o(i.__0snprintf) refers to printfa.o(i._printf_core) for _printf_core
    printfa.o(i.__0snprintf) refers to printfa.o(i._snputc) for _snputc
    printfa.o(i.__0sprintf) refers (Special) to iusefp.o(.text) for __I$use$fp
    printfa.o(i.__0sprintf) refers to printfa.o(i._printf_core) for _printf_core
    printfa.o(i.__0sprintf) refers to printfa.o(i._sputc) for _sputc
    printfa.o(i.__0vfprintf) refers (Special) to iusefp.o(.text) for __I$use$fp
    printfa.o(i.__0vfprintf) refers to printfa.o(i._printf_core) for _printf_core
    printfa.o(i.__0vfprintf) refers to bsp_uart_fifo.o(i.fputc) for fputc
    printfa.o(i.__0vprintf) refers (Special) to iusefp.o(.text) for __I$use$fp
    printfa.o(i.__0vprintf) refers to printfa.o(i._printf_core) for _printf_core
    printfa.o(i.__0vprintf) refers to bsp_uart_fifo.o(i.fputc) for fputc
    printfa.o(i.__0vprintf) refers to stdout.o(.data) for __stdout
    printfa.o(i.__0vsnprintf) refers (Special) to iusefp.o(.text) for __I$use$fp
    printfa.o(i.__0vsnprintf) refers to printfa.o(i._printf_core) for _printf_core
    printfa.o(i.__0vsnprintf) refers to printfa.o(i._snputc) for _snputc
    printfa.o(i.__0vsprintf) refers (Special) to iusefp.o(.text) for __I$use$fp
    printfa.o(i.__0vsprintf) refers to printfa.o(i._printf_core) for _printf_core
    printfa.o(i.__0vsprintf) refers to printfa.o(i._sputc) for _sputc
    printfa.o(i._fp_digits) refers (Special) to iusefp.o(.text) for __I$use$fp
    printfa.o(i._fp_digits) refers to dmul.o(.text) for __aeabi_dmul
    printfa.o(i._fp_digits) refers to ddiv.o(.text) for __aeabi_ddiv
    printfa.o(i._fp_digits) refers to cdrcmple.o(.text) for __aeabi_cdrcmple
    printfa.o(i._fp_digits) refers to dadd.o(.text) for __aeabi_dadd
    printfa.o(i._fp_digits) refers to dfixul.o(.text) for __aeabi_d2ulz
    printfa.o(i._fp_digits) refers to uldiv.o(.text) for __aeabi_uldivmod
    printfa.o(i._printf_core) refers (Special) to iusefp.o(.text) for __I$use$fp
    printfa.o(i._printf_core) refers to printfa.o(i._printf_pre_padding) for _printf_pre_padding
    printfa.o(i._printf_core) refers to uldiv.o(.text) for __aeabi_uldivmod
    printfa.o(i._printf_core) refers to printfa.o(i._printf_post_padding) for _printf_post_padding
    printfa.o(i._printf_core) refers to printfa.o(i._fp_digits) for _fp_digits
    printfa.o(i._printf_core) refers to uidiv.o(.text) for __aeabi_uidivmod
    printfa.o(i._printf_post_padding) refers (Special) to iusefp.o(.text) for __I$use$fp
    printfa.o(i._printf_pre_padding) refers (Special) to iusefp.o(.text) for __I$use$fp
    printfa.o(i._snputc) refers (Special) to iusefp.o(.text) for __I$use$fp
    printfa.o(i._sputc) refers (Special) to iusefp.o(.text) for __I$use$fp
    entry2.o(.ARM.Collect$$$$00000001) refers to entry2.o(.ARM.Collect$$$$00002712) for __lit__00000000
    entry2.o(.ARM.Collect$$$$00002712) refers to startup_stm32f4xx.o(STACK) for __initial_sp
    entry2.o(__vectab_stack_and_reset_area) refers to startup_stm32f4xx.o(STACK) for __initial_sp
    entry2.o(__vectab_stack_and_reset_area) refers to entry.o(.ARM.Collect$$$$00000000) for __main
    entry5.o(.ARM.Collect$$$$00000004) refers to init.o(.text) for __scatterload
    entry9a.o(.ARM.Collect$$$$0000000B) refers to main.o(i.main) for main
    entry9b.o(.ARM.Collect$$$$0000000C) refers to main.o(i.main) for main
    uldiv.o(.text) refers to llushr.o(.text) for __aeabi_llsr
    uldiv.o(.text) refers to llshl.o(.text) for __aeabi_llsl
    dadd.o(.text) refers to llshl.o(.text) for __aeabi_llsl
    dadd.o(.text) refers to llsshr.o(.text) for __aeabi_lasr
    dadd.o(.text) refers to depilogue.o(.text) for _double_epilogue
    dmul.o(.text) refers to depilogue.o(.text) for _double_epilogue
    ddiv.o(.text) refers to depilogue.o(.text) for _double_round
    dfixul.o(.text) refers to llushr.o(.text) for __aeabi_llsr
    dfixul.o(.text) refers to llshl.o(.text) for __aeabi_llsl
    init.o(.text) refers to entry5.o(.ARM.Collect$$$$00000004) for __main_after_scatterload
    depilogue.o(.text) refers to llshl.o(.text) for __aeabi_llsl
    depilogue.o(.text) refers to llushr.o(.text) for __aeabi_llsr


==============================================================================

Removing Unused input sections from the image.

    Removing main.o(.emb_text), (8 bytes).
    Removing main.o(i.PrintfLogo), (560 bytes).
    Removing font.o(.emb_text), (8 bytes).
    Removing hzmix.o(.emb_text), (8 bytes).
    Removing bsp_key.o(.emb_text), (8 bytes).
    Removing bsp_key.o(i.bsp_GetKey), (52 bytes).
    Removing bsp_key.o(i.bsp_GetKey2), (52 bytes).
    Removing bsp_key.o(i.bsp_GetKeyState), (16 bytes).
    Removing bsp_led.o(.emb_text), (8 bytes).
    Removing bsp_led.o(i.bsp_IsLedOn), (100 bytes).
    Removing bsp_led.o(i.bsp_LedOn), (56 bytes).
    Removing bsp_timer.o(.emb_text), (8 bytes).
    Removing bsp_timer.o(i.bsp_DelayUS), (84 bytes).
    Removing bsp_timer.o(i.bsp_GetRunTime), (28 bytes).
    Removing bsp_timer.o(i.bsp_StartTimer), (164 bytes).
    Removing bsp_timer.o(i.bsp_StopTimer), (152 bytes).
    Removing bsp_uart_fifo.o(.emb_text), (8 bytes).
    Removing bsp_uart_fifo.o(i.USART3_SendBefor), (2 bytes).
    Removing bsp_uart_fifo.o(i.USART3_SendOver), (2 bytes).
    Removing bsp_uart_fifo.o(i.UartGetChar), (74 bytes).
    Removing bsp_uart_fifo.o(i.comClearRxFifo), (28 bytes).
    Removing bsp_uart_fifo.o(i.comClearTxFifo), (28 bytes).
    Removing bsp_uart_fifo.o(i.comGetChar), (30 bytes).
    Removing bsp_uart_fifo.o(i.fgetc), (24 bytes).
    Removing stm32f4xx_it.o(.emb_text), (8 bytes).
    Removing stm32f4xx_assert.o(.emb_text), (8 bytes).
    Removing bsp.o(.emb_text), (8 bytes).
    Removing bsp_ks103.o(.emb_text), (8 bytes).
    Removing bsp_ks103.o(i.Change_Addr), (72 bytes).
    Removing bsp_ks103.o(i.KS10X_Change_Addr_Init), (22 bytes).
    Removing bsp_ks103.o(i.Ks10x_ReadByte), (70 bytes).
    Removing bsp_ks103.o(i.Ks10x_WriteByte), (48 bytes).
    Removing bsp_ks103.o(i.Read_KS10X), (38 bytes).
    Removing bsp_ks103.o(i.Read_KS10X_Data), (76 bytes).
    Removing bsp_ks103.o(i.bsp_InitKs10x), (2 bytes).
    Removing bsp_ks103.o(i.delay_ms), (24 bytes).
    Removing bsp_ks103.o(i.delay_us), (26 bytes).
    Removing bsp_i2c_gpio.o(.emb_text), (8 bytes).
    Removing bsp_i2c_gpio.o(i.SDA_IN), (44 bytes).
    Removing bsp_i2c_gpio.o(i.i2c_Ack), (52 bytes).
    Removing bsp_i2c_gpio.o(i.i2c_Delay_Test), (48 bytes).
    Removing bsp_i2c_gpio.o(i.i2c_NAck), (52 bytes).
    Removing bsp_i2c_gpio.o(i.i2c_ReadByte), (84 bytes).
    Removing bsp_i2c_gpio.o(i.i2c_SendByte), (84 bytes).
    Removing bsp_i2c_gpio.o(i.i2c_Start), (52 bytes).
    Removing bsp_i2c_gpio.o(i.i2c_WaitAck), (80 bytes).
    Removing bsp_oled12864.o(.emb_text), (8 bytes).
    Removing bsp_oled12864.o(i.GUI_Logo), (52 bytes).
    Removing bsp_oled12864.o(i.GUI_Point), (124 bytes).
    Removing bsp_oled12864.o(i.OLED_CLS), (10 bytes).
    Removing bsp_hx711.o(.emb_text), (8 bytes).
    Removing startup_stm32f4xx.o(HEAP), (1024 bytes).
    Removing stm32f4xx_rcc.o(.emb_text), (8 bytes).
    Removing stm32f4xx_rcc.o(i.RCC_AHB1PeriphClockLPModeCmd), (32 bytes).
    Removing stm32f4xx_rcc.o(i.RCC_AHB1PeriphResetCmd), (32 bytes).
    Removing stm32f4xx_rcc.o(i.RCC_AHB2PeriphClockCmd), (32 bytes).
    Removing stm32f4xx_rcc.o(i.RCC_AHB2PeriphClockLPModeCmd), (32 bytes).
    Removing stm32f4xx_rcc.o(i.RCC_AHB2PeriphResetCmd), (32 bytes).
    Removing stm32f4xx_rcc.o(i.RCC_AHB3PeriphClockCmd), (32 bytes).
    Removing stm32f4xx_rcc.o(i.RCC_AHB3PeriphClockLPModeCmd), (32 bytes).
    Removing stm32f4xx_rcc.o(i.RCC_AHB3PeriphResetCmd), (32 bytes).
    Removing stm32f4xx_rcc.o(i.RCC_APB1PeriphClockCmd), (32 bytes).
    Removing stm32f4xx_rcc.o(i.RCC_APB1PeriphClockLPModeCmd), (32 bytes).
    Removing stm32f4xx_rcc.o(i.RCC_APB1PeriphResetCmd), (32 bytes).
    Removing stm32f4xx_rcc.o(i.RCC_APB2PeriphClockLPModeCmd), (32 bytes).
    Removing stm32f4xx_rcc.o(i.RCC_APB2PeriphResetCmd), (32 bytes).
    Removing stm32f4xx_rcc.o(i.RCC_AdjustHSICalibrationValue), (24 bytes).
    Removing stm32f4xx_rcc.o(i.RCC_BackupResetCmd), (12 bytes).
    Removing stm32f4xx_rcc.o(i.RCC_ClearFlag), (20 bytes).
    Removing stm32f4xx_rcc.o(i.RCC_ClearITPendingBit), (12 bytes).
    Removing stm32f4xx_rcc.o(i.RCC_ClockSecuritySystemCmd), (12 bytes).
    Removing stm32f4xx_rcc.o(i.RCC_DeInit), (72 bytes).
    Removing stm32f4xx_rcc.o(i.RCC_GetFlagStatus), (64 bytes).
    Removing stm32f4xx_rcc.o(i.RCC_GetITStatus), (24 bytes).
    Removing stm32f4xx_rcc.o(i.RCC_GetSYSCLKSource), (16 bytes).
    Removing stm32f4xx_rcc.o(i.RCC_HCLKConfig), (24 bytes).
    Removing stm32f4xx_rcc.o(i.RCC_HSEConfig), (16 bytes).
    Removing stm32f4xx_rcc.o(i.RCC_HSICmd), (12 bytes).
    Removing stm32f4xx_rcc.o(i.RCC_I2SCLKConfig), (12 bytes).
    Removing stm32f4xx_rcc.o(i.RCC_ITConfig), (32 bytes).
    Removing stm32f4xx_rcc.o(i.RCC_LSEConfig), (44 bytes).
    Removing stm32f4xx_rcc.o(i.RCC_LSICmd), (12 bytes).
    Removing stm32f4xx_rcc.o(i.RCC_MCO1Config), (28 bytes).
    Removing stm32f4xx_rcc.o(i.RCC_MCO2Config), (28 bytes).
    Removing stm32f4xx_rcc.o(i.RCC_PCLK1Config), (24 bytes).
    Removing stm32f4xx_rcc.o(i.RCC_PCLK2Config), (24 bytes).
    Removing stm32f4xx_rcc.o(i.RCC_PLLCmd), (12 bytes).
    Removing stm32f4xx_rcc.o(i.RCC_PLLConfig), (36 bytes).
    Removing stm32f4xx_rcc.o(i.RCC_PLLI2SCmd), (12 bytes).
    Removing stm32f4xx_rcc.o(i.RCC_PLLI2SConfig), (16 bytes).
    Removing stm32f4xx_rcc.o(i.RCC_RTCCLKCmd), (12 bytes).
    Removing stm32f4xx_rcc.o(i.RCC_RTCCLKConfig), (60 bytes).
    Removing stm32f4xx_rcc.o(i.RCC_SYSCLKConfig), (24 bytes).
    Removing stm32f4xx_rcc.o(i.RCC_WaitForHSEStartUp), (56 bytes).
    Removing stm32f4xx_syscfg.o(.emb_text), (8 bytes).
    Removing stm32f4xx_syscfg.o(i.SYSCFG_CompensationCellCmd), (12 bytes).
    Removing stm32f4xx_syscfg.o(i.SYSCFG_DeInit), (22 bytes).
    Removing stm32f4xx_syscfg.o(i.SYSCFG_ETH_MediaInterfaceConfig), (12 bytes).
    Removing stm32f4xx_syscfg.o(i.SYSCFG_EXTILineConfig), (64 bytes).
    Removing stm32f4xx_syscfg.o(i.SYSCFG_GetCompensationCellStatus), (24 bytes).
    Removing stm32f4xx_syscfg.o(i.SYSCFG_MemoryRemapConfig), (12 bytes).
    Removing misc.o(.emb_text), (8 bytes).
    Removing misc.o(i.NVIC_SetVectorTable), (20 bytes).
    Removing misc.o(i.NVIC_SystemLPConfig), (32 bytes).
    Removing misc.o(i.SysTick_CLKSourceConfig), (40 bytes).
    Removing stm32f4xx_gpio.o(.emb_text), (8 bytes).
    Removing stm32f4xx_gpio.o(i.GPIO_DeInit), (256 bytes).
    Removing stm32f4xx_gpio.o(i.GPIO_PinLockConfig), (34 bytes).
    Removing stm32f4xx_gpio.o(i.GPIO_ReadInputData), (8 bytes).
    Removing stm32f4xx_gpio.o(i.GPIO_ReadInputDataBit), (18 bytes).
    Removing stm32f4xx_gpio.o(i.GPIO_ReadOutputData), (8 bytes).
    Removing stm32f4xx_gpio.o(i.GPIO_ReadOutputDataBit), (18 bytes).
    Removing stm32f4xx_gpio.o(i.GPIO_ResetBits), (4 bytes).
    Removing stm32f4xx_gpio.o(i.GPIO_SetBits), (4 bytes).
    Removing stm32f4xx_gpio.o(i.GPIO_ToggleBits), (8 bytes).
    Removing stm32f4xx_gpio.o(i.GPIO_Write), (4 bytes).
    Removing stm32f4xx_gpio.o(i.GPIO_WriteBit), (10 bytes).
    Removing stm32f4xx_usart.o(.emb_text), (8 bytes).
    Removing stm32f4xx_usart.o(i.USART_ClearITPendingBit), (30 bytes).
    Removing stm32f4xx_usart.o(i.USART_ClockInit), (32 bytes).
    Removing stm32f4xx_usart.o(i.USART_ClockStructInit), (12 bytes).
    Removing stm32f4xx_usart.o(i.USART_DMACmd), (18 bytes).
    Removing stm32f4xx_usart.o(i.USART_DeInit), (180 bytes).
    Removing stm32f4xx_usart.o(i.USART_GetFlagStatus), (26 bytes).
    Removing stm32f4xx_usart.o(i.USART_HalfDuplexCmd), (24 bytes).
    Removing stm32f4xx_usart.o(i.USART_IrDACmd), (24 bytes).
    Removing stm32f4xx_usart.o(i.USART_IrDAConfig), (18 bytes).
    Removing stm32f4xx_usart.o(i.USART_LINBreakDetectLengthConfig), (18 bytes).
    Removing stm32f4xx_usart.o(i.USART_LINCmd), (24 bytes).
    Removing stm32f4xx_usart.o(i.USART_OneBitMethodCmd), (24 bytes).
    Removing stm32f4xx_usart.o(i.USART_OverSampling8Cmd), (22 bytes).
    Removing stm32f4xx_usart.o(i.USART_ReceiverWakeUpCmd), (24 bytes).
    Removing stm32f4xx_usart.o(i.USART_SendBreak), (10 bytes).
    Removing stm32f4xx_usart.o(i.USART_SetAddress), (18 bytes).
    Removing stm32f4xx_usart.o(i.USART_SetGuardTime), (16 bytes).
    Removing stm32f4xx_usart.o(i.USART_SetPrescaler), (16 bytes).
    Removing stm32f4xx_usart.o(i.USART_SmartCardCmd), (24 bytes).
    Removing stm32f4xx_usart.o(i.USART_SmartCardNACKCmd), (24 bytes).
    Removing stm32f4xx_usart.o(i.USART_StructInit), (24 bytes).
    Removing stm32f4xx_usart.o(i.USART_WakeUpConfig), (18 bytes).
    Removing system_stm32f4xx.o(.emb_text), (8 bytes).
    Removing system_stm32f4xx.o(i.SystemCoreClockUpdate), (192 bytes).
    Removing dadd.o(.text), (334 bytes).
    Removing dmul.o(.text), (228 bytes).
    Removing ddiv.o(.text), (222 bytes).
    Removing dfixul.o(.text), (48 bytes).
    Removing cdrcmple.o(.text), (48 bytes).
    Removing depilogue.o(.text), (186 bytes).

148 unused section(s) (total 7346 bytes) removed from the image.

==============================================================================

Image Symbol Table

    Local Symbols

    Symbol Name                              Value     Ov Type        Size  Object(Section)

    ../clib/microlib/division.c              0x00000000   Number         0  uldiv.o ABSOLUTE
    ../clib/microlib/division.c              0x00000000   Number         0  uidiv.o ABSOLUTE
    ../clib/microlib/init/entry.s            0x00000000   Number         0  entry.o ABSOLUTE
    ../clib/microlib/init/entry.s            0x00000000   Number         0  entry11b.o ABSOLUTE
    ../clib/microlib/init/entry.s            0x00000000   Number         0  entry10b.o ABSOLUTE
    ../clib/microlib/init/entry.s            0x00000000   Number         0  entry2.o ABSOLUTE
    ../clib/microlib/init/entry.s            0x00000000   Number         0  entry8a.o ABSOLUTE
    ../clib/microlib/init/entry.s            0x00000000   Number         0  entry5.o ABSOLUTE
    ../clib/microlib/init/entry.s            0x00000000   Number         0  entry9a.o ABSOLUTE
    ../clib/microlib/init/entry.s            0x00000000   Number         0  entry7a.o ABSOLUTE
    ../clib/microlib/init/entry.s            0x00000000   Number         0  entry7b.o ABSOLUTE
    ../clib/microlib/init/entry.s            0x00000000   Number         0  entry8b.o ABSOLUTE
    ../clib/microlib/init/entry.s            0x00000000   Number         0  entry9b.o ABSOLUTE
    ../clib/microlib/init/entry.s            0x00000000   Number         0  entry10a.o ABSOLUTE
    ../clib/microlib/init/entry.s            0x00000000   Number         0  entry11a.o ABSOLUTE
    ../clib/microlib/longlong.c              0x00000000   Number         0  llsshr.o ABSOLUTE
    ../clib/microlib/longlong.c              0x00000000   Number         0  llushr.o ABSOLUTE
    ../clib/microlib/longlong.c              0x00000000   Number         0  llshl.o ABSOLUTE
    ../clib/microlib/printf/printf.c         0x00000000   Number         0  printf2.o ABSOLUTE
    ../clib/microlib/printf/printf.c         0x00000000   Number         0  printf4.o ABSOLUTE
    ../clib/microlib/printf/printf.c         0x00000000   Number         0  printf5.o ABSOLUTE
    ../clib/microlib/printf/printf.c         0x00000000   Number         0  printf6.o ABSOLUTE
    ../clib/microlib/printf/printf.c         0x00000000   Number         0  printf7.o ABSOLUTE
    ../clib/microlib/printf/printf.c         0x00000000   Number         0  printf8.o ABSOLUTE
    ../clib/microlib/printf/printf.c         0x00000000   Number         0  printfa.o ABSOLUTE
    ../clib/microlib/printf/printf.c         0x00000000   Number         0  printf1.o ABSOLUTE
    ../clib/microlib/printf/printf.c         0x00000000   Number         0  printf0.o ABSOLUTE
    ../clib/microlib/printf/printf.c         0x00000000   Number         0  printf3.o ABSOLUTE
    ../clib/microlib/printf/printf.c         0x00000000   Number         0  printfb.o ABSOLUTE
    ../clib/microlib/printf/stubs.s          0x00000000   Number         0  stubs.o ABSOLUTE
    ../clib/microlib/stdio/streams.c         0x00000000   Number         0  stdout.o ABSOLUTE
    ../clib/microlib/stubs.s                 0x00000000   Number         0  iusefp.o ABSOLUTE
    ../fplib/microlib/fpadd.c                0x00000000   Number         0  dadd.o ABSOLUTE
    ../fplib/microlib/fpdiv.c                0x00000000   Number         0  ddiv.o ABSOLUTE
    ../fplib/microlib/fpepilogue.c           0x00000000   Number         0  depilogue.o ABSOLUTE
    ../fplib/microlib/fpfix.c                0x00000000   Number         0  dfixul.o ABSOLUTE
    ../fplib/microlib/fpmul.c                0x00000000   Number         0  dmul.o ABSOLUTE
    ..\..\Libraries\CMSIS\Device\ST\STM32F4xx\Source\Templates\arm\startup_stm32f4xx.s 0x00000000   Number         0  startup_stm32f4xx.o ABSOLUTE
    ..\..\Libraries\STM32F4xx_StdPeriph_Driver\src\misc.c 0x00000000   Number         0  misc.o ABSOLUTE
    ..\..\Libraries\STM32F4xx_StdPeriph_Driver\src\stm32f4xx_gpio.c 0x00000000   Number         0  stm32f4xx_gpio.o ABSOLUTE
    ..\..\Libraries\STM32F4xx_StdPeriph_Driver\src\stm32f4xx_rcc.c 0x00000000   Number         0  stm32f4xx_rcc.o ABSOLUTE
    ..\..\Libraries\STM32F4xx_StdPeriph_Driver\src\stm32f4xx_syscfg.c 0x00000000   Number         0  stm32f4xx_syscfg.o ABSOLUTE
    ..\..\Libraries\STM32F4xx_StdPeriph_Driver\src\stm32f4xx_usart.c 0x00000000   Number         0  stm32f4xx_usart.o ABSOLUTE
    ..\..\User\bsp_stm32f4xx\bsp.c           0x00000000   Number         0  bsp.o ABSOLUTE
    ..\..\User\bsp_stm32f4xx\src\Font.c      0x00000000   Number         0  font.o ABSOLUTE
    ..\..\User\bsp_stm32f4xx\src\HzMix.c     0x00000000   Number         0  hzmix.o ABSOLUTE
    ..\..\User\bsp_stm32f4xx\src\bsp_hx711.c 0x00000000   Number         0  bsp_hx711.o ABSOLUTE
    ..\..\User\bsp_stm32f4xx\src\bsp_i2c_gpio.c 0x00000000   Number         0  bsp_i2c_gpio.o ABSOLUTE
    ..\..\User\bsp_stm32f4xx\src\bsp_key.c   0x00000000   Number         0  bsp_key.o ABSOLUTE
    ..\..\User\bsp_stm32f4xx\src\bsp_ks103.c 0x00000000   Number         0  bsp_ks103.o ABSOLUTE
    ..\..\User\bsp_stm32f4xx\src\bsp_led.c   0x00000000   Number         0  bsp_led.o ABSOLUTE
    ..\..\User\bsp_stm32f4xx\src\bsp_oled12864.c 0x00000000   Number         0  bsp_oled12864.o ABSOLUTE
    ..\..\User\bsp_stm32f4xx\src\bsp_timer.c 0x00000000   Number         0  bsp_timer.o ABSOLUTE
    ..\..\User\bsp_stm32f4xx\src\bsp_uart_fifo.c 0x00000000   Number         0  bsp_uart_fifo.o ABSOLUTE
    ..\..\User\bsp_stm32f4xx\stm32f4xx_assert.c 0x00000000   Number         0  stm32f4xx_assert.o ABSOLUTE
    ..\..\User\bsp_stm32f4xx\stm32f4xx_it.c  0x00000000   Number         0  stm32f4xx_it.o ABSOLUTE
    ..\..\User\bsp_stm32f4xx\system_stm32f4xx.c 0x00000000   Number         0  system_stm32f4xx.o ABSOLUTE
    ..\..\User\main.c                        0x00000000   Number         0  main.o ABSOLUTE
    ..\\..\\Libraries\\STM32F4xx_StdPeriph_Driver\\src\\misc.c 0x00000000   Number         0  misc.o ABSOLUTE
    ..\\..\\Libraries\\STM32F4xx_StdPeriph_Driver\\src\\stm32f4xx_gpio.c 0x00000000   Number         0  stm32f4xx_gpio.o ABSOLUTE
    ..\\..\\Libraries\\STM32F4xx_StdPeriph_Driver\\src\\stm32f4xx_rcc.c 0x00000000   Number         0  stm32f4xx_rcc.o ABSOLUTE
    ..\\..\\Libraries\\STM32F4xx_StdPeriph_Driver\\src\\stm32f4xx_syscfg.c 0x00000000   Number         0  stm32f4xx_syscfg.o ABSOLUTE
    ..\\..\\Libraries\\STM32F4xx_StdPeriph_Driver\\src\\stm32f4xx_usart.c 0x00000000   Number         0  stm32f4xx_usart.o ABSOLUTE
    ..\\..\\User\\bsp_stm32f4xx\\bsp.c       0x00000000   Number         0  bsp.o ABSOLUTE
    ..\\..\\User\\bsp_stm32f4xx\\src\\Font.c 0x00000000   Number         0  font.o ABSOLUTE
    ..\\..\\User\\bsp_stm32f4xx\\src\\HzMix.c 0x00000000   Number         0  hzmix.o ABSOLUTE
    ..\\..\\User\\bsp_stm32f4xx\\src\\bsp_hx711.c 0x00000000   Number         0  bsp_hx711.o ABSOLUTE
    ..\\..\\User\\bsp_stm32f4xx\\src\\bsp_i2c_gpio.c 0x00000000   Number         0  bsp_i2c_gpio.o ABSOLUTE
    ..\\..\\User\\bsp_stm32f4xx\\src\\bsp_key.c 0x00000000   Number         0  bsp_key.o ABSOLUTE
    ..\\..\\User\\bsp_stm32f4xx\\src\\bsp_ks103.c 0x00000000   Number         0  bsp_ks103.o ABSOLUTE
    ..\\..\\User\\bsp_stm32f4xx\\src\\bsp_led.c 0x00000000   Number         0  bsp_led.o ABSOLUTE
    ..\\..\\User\\bsp_stm32f4xx\\src\\bsp_oled12864.c 0x00000000   Number         0  bsp_oled12864.o ABSOLUTE
    ..\\..\\User\\bsp_stm32f4xx\\src\\bsp_timer.c 0x00000000   Number         0  bsp_timer.o ABSOLUTE
    ..\\..\\User\\bsp_stm32f4xx\\src\\bsp_uart_fifo.c 0x00000000   Number         0  bsp_uart_fifo.o ABSOLUTE
    ..\\..\\User\\bsp_stm32f4xx\\stm32f4xx_assert.c 0x00000000   Number         0  stm32f4xx_assert.o ABSOLUTE
    ..\\..\\User\\bsp_stm32f4xx\\stm32f4xx_it.c 0x00000000   Number         0  stm32f4xx_it.o ABSOLUTE
    ..\\..\\User\\bsp_stm32f4xx\\system_stm32f4xx.c 0x00000000   Number         0  system_stm32f4xx.o ABSOLUTE
    ..\\..\\User\\main.c                     0x00000000   Number         0  main.o ABSOLUTE
    cdrcmple.s                               0x00000000   Number         0  cdrcmple.o ABSOLUTE
    dc.s                                     0x00000000   Number         0  dc.o ABSOLUTE
    handlers.s                               0x00000000   Number         0  handlers.o ABSOLUTE
    init.s                                   0x00000000   Number         0  init.o ABSOLUTE
    RESET                                    0x08000000   Section      392  startup_stm32f4xx.o(RESET)
    .ARM.Collect$$$$00000000                 0x08000188   Section        0  entry.o(.ARM.Collect$$$$00000000)
    .ARM.Collect$$$$00000001                 0x08000188   Section        4  entry2.o(.ARM.Collect$$$$00000001)
    .ARM.Collect$$$$00000004                 0x0800018c   Section        4  entry5.o(.ARM.Collect$$$$00000004)
    .ARM.Collect$$$$00000008                 0x08000190   Section        0  entry7b.o(.ARM.Collect$$$$00000008)
    .ARM.Collect$$$$0000000A                 0x08000190   Section        0  entry8b.o(.ARM.Collect$$$$0000000A)
    .ARM.Collect$$$$0000000B                 0x08000190   Section        8  entry9a.o(.ARM.Collect$$$$0000000B)
    .ARM.Collect$$$$0000000D                 0x08000198   Section        0  entry10a.o(.ARM.Collect$$$$0000000D)
    .ARM.Collect$$$$0000000F                 0x08000198   Section        0  entry11a.o(.ARM.Collect$$$$0000000F)
    .ARM.Collect$$$$00002712                 0x08000198   Section        4  entry2.o(.ARM.Collect$$$$00002712)
    __lit__00000000                          0x08000198   Data           4  entry2.o(.ARM.Collect$$$$00002712)
    .text                                    0x0800019c   Section       36  startup_stm32f4xx.o(.text)
    $v0                                      0x0800019c   Number         0  startup_stm32f4xx.o(.text)
    .text                                    0x080001c0   Section        0  uldiv.o(.text)
    .text                                    0x08000224   Section       36  init.o(.text)
    .text                                    0x08000248   Section        0  llshl.o(.text)
    .text                                    0x08000266   Section        0  llushr.o(.text)
    i.BusFault_Handler                       0x08000286   Section        0  stm32f4xx_it.o(i.BusFault_Handler)
    i.ComToUart                              0x0800028c   Section        0  bsp_uart_fifo.o(i.ComToUart)
    i.ConfigUartNVIC                         0x080002c4   Section        0  bsp_uart_fifo.o(i.ConfigUartNVIC)
    ConfigUartNVIC                           0x080002c5   Thumb Code    36  bsp_uart_fifo.o(i.ConfigUartNVIC)
    i.DebugMon_Handler                       0x080002e8   Section        0  stm32f4xx_it.o(i.DebugMon_Handler)
    i.Delay_Hx711_Us                         0x080002ea   Section        0  bsp_hx711.o(i.Delay_Hx711_Us)
    i.Disp_Power_On_Logo                     0x080002f8   Section        0  main.o(i.Disp_Power_On_Logo)
    i.Disp_Weight_Max_Value                  0x08000320   Section        0  main.o(i.Disp_Weight_Max_Value)
    i.Disp_Weight_value                      0x08000554   Section        0  main.o(i.Disp_Weight_value)
    i.Disp_Weight_value_Init                 0x080007c0   Section        0  main.o(i.Disp_Weight_value_Init)
    i.GPIO_Init                              0x08000844   Section        0  stm32f4xx_gpio.o(i.GPIO_Init)
    i.GPIO_PinAFConfig                       0x080008d4   Section        0  stm32f4xx_gpio.o(i.GPIO_PinAFConfig)
    i.GPIO_StructInit                        0x0800091a   Section        0  stm32f4xx_gpio.o(i.GPIO_StructInit)
    i.GUIPROP_FindChar                       0x0800092c   Section        0  font.o(i.GUIPROP_FindChar)
    i.GUI_Clear                              0x0800094c   Section        0  bsp_oled12864.o(i.GUI_Clear)
    i.GUI_Exec                               0x08000974   Section        0  bsp_oled12864.o(i.GUI_Exec)
    i.Get_Weight                             0x080009e4   Section        0  bsp_hx711.o(i.Get_Weight)
    i.HX711_2_Read                           0x08000af0   Section        0  bsp_hx711.o(i.HX711_2_Read)
    i.HX711_Read                             0x08000b58   Section        0  bsp_hx711.o(i.HX711_Read)
    i.HardFault_Handler                      0x08000bc0   Section        0  stm32f4xx_it.o(i.HardFault_Handler)
    i.Hx711_GPIO_Config                      0x08000c18   Section        0  bsp_hx711.o(i.Hx711_GPIO_Config)
    i.InitHardUart                           0x08000c7c   Section        0  bsp_uart_fifo.o(i.InitHardUart)
    InitHardUart                             0x08000c7d   Thumb Code   164  bsp_uart_fifo.o(i.InitHardUart)
    i.IsKeyDown1                             0x08000d28   Section        0  bsp_key.o(i.IsKeyDown1)
    IsKeyDown1                               0x08000d29   Thumb Code    18  bsp_key.o(i.IsKeyDown1)
    i.IsKeyDown10                            0x08000d40   Section        0  bsp_key.o(i.IsKeyDown10)
    IsKeyDown10                              0x08000d41   Thumb Code    22  bsp_key.o(i.IsKeyDown10)
    i.IsKeyDown2                             0x08000d58   Section        0  bsp_key.o(i.IsKeyDown2)
    IsKeyDown2                               0x08000d59   Thumb Code    18  bsp_key.o(i.IsKeyDown2)
    i.IsKeyDown3                             0x08000d70   Section        0  bsp_key.o(i.IsKeyDown3)
    IsKeyDown3                               0x08000d71   Thumb Code    18  bsp_key.o(i.IsKeyDown3)
    i.IsKeyDown4                             0x08000d88   Section        0  bsp_key.o(i.IsKeyDown4)
    IsKeyDown4                               0x08000d89   Thumb Code    18  bsp_key.o(i.IsKeyDown4)
    i.IsKeyDown5                             0x08000da0   Section        0  bsp_key.o(i.IsKeyDown5)
    IsKeyDown5                               0x08000da1   Thumb Code    18  bsp_key.o(i.IsKeyDown5)
    i.IsKeyDown6                             0x08000db8   Section        0  bsp_key.o(i.IsKeyDown6)
    IsKeyDown6                               0x08000db9   Thumb Code    18  bsp_key.o(i.IsKeyDown6)
    i.IsKeyDown7                             0x08000dd0   Section        0  bsp_key.o(i.IsKeyDown7)
    IsKeyDown7                               0x08000dd1   Thumb Code    18  bsp_key.o(i.IsKeyDown7)
    i.IsKeyDown8                             0x08000de8   Section        0  bsp_key.o(i.IsKeyDown8)
    IsKeyDown8                               0x08000de9   Thumb Code    18  bsp_key.o(i.IsKeyDown8)
    i.IsKeyDown9                             0x08000e00   Section        0  bsp_key.o(i.IsKeyDown9)
    IsKeyDown9                               0x08000e01   Thumb Code    22  bsp_key.o(i.IsKeyDown9)
    i.MemManage_Handler                      0x08000e16   Section        0  stm32f4xx_it.o(i.MemManage_Handler)
    i.NMI_Handler                            0x08000e1a   Section        0  stm32f4xx_it.o(i.NMI_Handler)
    i.NVIC_Init                              0x08000e1c   Section        0  misc.o(i.NVIC_Init)
    i.NVIC_PriorityGroupConfig               0x08000e94   Section        0  misc.o(i.NVIC_PriorityGroupConfig)
    i.OLED_Fill                              0x08000ea8   Section        0  bsp_oled12864.o(i.OLED_Fill)
    i.OLED_GPIO_Config                       0x08000ee4   Section        0  bsp_oled12864.o(i.OLED_GPIO_Config)
    i.OLED_Init                              0x08000f4c   Section        0  bsp_oled12864.o(i.OLED_Init)
    i.OLED_SetPos                            0x08001034   Section        0  bsp_oled12864.o(i.OLED_SetPos)
    i.OLED_WrCmd                             0x0800105c   Section        0  bsp_oled12864.o(i.OLED_WrCmd)
    i.OLED_WrDat                             0x08001098   Section        0  bsp_oled12864.o(i.OLED_WrDat)
    i.PendSV_Handler                         0x080010d4   Section        0  stm32f4xx_it.o(i.PendSV_Handler)
    i.RCC_AHB1PeriphClockCmd                 0x080010d8   Section        0  stm32f4xx_rcc.o(i.RCC_AHB1PeriphClockCmd)
    i.RCC_APB2PeriphClockCmd                 0x080010f8   Section        0  stm32f4xx_rcc.o(i.RCC_APB2PeriphClockCmd)
    i.RCC_GetClocksFreq                      0x08001118   Section        0  stm32f4xx_rcc.o(i.RCC_GetClocksFreq)
    i.SDA_OUT                                0x08001200   Section        0  bsp_i2c_gpio.o(i.SDA_OUT)
    i.SVC_Handler                            0x0800122c   Section        0  stm32f4xx_it.o(i.SVC_Handler)
    i.SetSysClock                            0x08001230   Section        0  system_stm32f4xx.o(i.SetSysClock)
    SetSysClock                              0x08001231   Thumb Code   220  system_stm32f4xx.o(i.SetSysClock)
    i.SysTick_Handler                        0x0800131c   Section        0  bsp_timer.o(i.SysTick_Handler)
    i.SysTick_ISR                            0x08001324   Section        0  bsp_timer.o(i.SysTick_ISR)
    i.SystemInit                             0x080013a8   Section        0  system_stm32f4xx.o(i.SystemInit)
    i.USART1_IRQHandler                      0x08001410   Section        0  bsp_uart_fifo.o(i.USART1_IRQHandler)
    i.USART_ClearFlag                        0x08001420   Section        0  stm32f4xx_usart.o(i.USART_ClearFlag)
    i.USART_Cmd                              0x08001432   Section        0  stm32f4xx_usart.o(i.USART_Cmd)
    i.USART_GetITStatus                      0x0800144a   Section        0  stm32f4xx_usart.o(i.USART_GetITStatus)
    i.USART_ITConfig                         0x0800149e   Section        0  stm32f4xx_usart.o(i.USART_ITConfig)
    i.USART_Init                             0x080014e8   Section        0  stm32f4xx_usart.o(i.USART_Init)
    i.USART_ReceiveData                      0x080015bc   Section        0  stm32f4xx_usart.o(i.USART_ReceiveData)
    i.USART_SendData                         0x080015c6   Section        0  stm32f4xx_usart.o(i.USART_SendData)
    i.UartIRQ                                0x080015ce   Section        0  bsp_uart_fifo.o(i.UartIRQ)
    UartIRQ                                  0x080015cf   Thumb Code   230  bsp_uart_fifo.o(i.UartIRQ)
    i.UartSend                               0x080016b4   Section        0  bsp_uart_fifo.o(i.UartSend)
    UartSend                                 0x080016b5   Thumb Code   114  bsp_uart_fifo.o(i.UartSend)
    i.UartVarInit                            0x08001728   Section        0  bsp_uart_fifo.o(i.UartVarInit)
    UartVarInit                              0x08001729   Thumb Code    44  bsp_uart_fifo.o(i.UartVarInit)
    i.UsageFault_Handler                     0x08001764   Section        0  stm32f4xx_it.o(i.UsageFault_Handler)
    i._Draw_Font_Prop                        0x08001768   Section        0  bsp_oled12864.o(i._Draw_Font_Prop)
    i._Draw_One_Ascii                        0x080019c8   Section        0  bsp_oled12864.o(i._Draw_One_Ascii)
    i._Draw_One_HZ                           0x08001a6c   Section        0  bsp_oled12864.o(i._Draw_One_HZ)
    i._Draw_String_Ascii                     0x08001b40   Section        0  bsp_oled12864.o(i._Draw_String_Ascii)
    i._Draw_String_HZ_H                      0x08001bcc   Section        0  bsp_oled12864.o(i._Draw_String_HZ_H)
    i.__0printf$8                            0x08001c3c   Section        0  printf8.o(i.__0printf$8)
    i.__scatterload_copy                     0x08001c5c   Section       14  handlers.o(i.__scatterload_copy)
    i.__scatterload_null                     0x08001c6a   Section        2  handlers.o(i.__scatterload_null)
    i.__scatterload_zeroinit                 0x08001c6c   Section       14  handlers.o(i.__scatterload_zeroinit)
    i.__set_PRIMASK                          0x08001c7a   Section        0  bsp_timer.o(i.__set_PRIMASK)
    __set_PRIMASK                            0x08001c7b   Thumb Code     6  bsp_timer.o(i.__set_PRIMASK)
    i.__set_PRIMASK                          0x08001c80   Section        0  bsp_uart_fifo.o(i.__set_PRIMASK)
    __set_PRIMASK                            0x08001c81   Thumb Code     6  bsp_uart_fifo.o(i.__set_PRIMASK)
    i._printf_core                           0x08001c88   Section        0  printf8.o(i._printf_core)
    _printf_core                             0x08001c89   Thumb Code   996  printf8.o(i._printf_core)
    i._printf_post_padding                   0x08002098   Section        0  printf8.o(i._printf_post_padding)
    _printf_post_padding                     0x08002099   Thumb Code    36  printf8.o(i._printf_post_padding)
    i._printf_pre_padding                    0x080020bc   Section        0  printf8.o(i._printf_pre_padding)
    _printf_pre_padding                      0x080020bd   Thumb Code    46  printf8.o(i._printf_pre_padding)
    i.bsp_CheckTimer                         0x080020ec   Section        0  bsp_timer.o(i.bsp_CheckTimer)
    i.bsp_DelayMS                            0x08002120   Section        0  bsp_timer.o(i.bsp_DelayMS)
    i.bsp_DetectKey                          0x08002164   Section        0  bsp_key.o(i.bsp_DetectKey)
    bsp_DetectKey                            0x08002165   Thumb Code   198  bsp_key.o(i.bsp_DetectKey)
    i.bsp_Idle                               0x08002230   Section        0  bsp.o(i.bsp_Idle)
    i.bsp_Init                               0x08002232   Section        0  bsp.o(i.bsp_Init)
    i.bsp_InitI2C                            0x0800224c   Section        0  bsp_i2c_gpio.o(i.bsp_InitI2C)
    i.bsp_InitKey                            0x08002284   Section        0  bsp_key.o(i.bsp_InitKey)
    i.bsp_InitKeyHard                        0x08002290   Section        0  bsp_key.o(i.bsp_InitKeyHard)
    bsp_InitKeyHard                          0x08002291   Thumb Code   128  bsp_key.o(i.bsp_InitKeyHard)
    i.bsp_InitKeyVar                         0x08002318   Section        0  bsp_key.o(i.bsp_InitKeyVar)
    bsp_InitKeyVar                           0x08002319   Thumb Code   164  bsp_key.o(i.bsp_InitKeyVar)
    i.bsp_InitLed                            0x080023ec   Section        0  bsp_led.o(i.bsp_InitLed)
    i.bsp_InitTimer                          0x0800245c   Section        0  bsp_timer.o(i.bsp_InitTimer)
    i.bsp_InitUart                           0x080024f8   Section        0  bsp_uart_fifo.o(i.bsp_InitUart)
    i.bsp_KeyScan                            0x08002508   Section        0  bsp_key.o(i.bsp_KeyScan)
    i.bsp_LedOff                             0x08002520   Section        0  bsp_led.o(i.bsp_LedOff)
    i.bsp_LedToggle                          0x08002558   Section        0  bsp_led.o(i.bsp_LedToggle)
    i.bsp_PutKey                             0x080025a4   Section        0  bsp_key.o(i.bsp_PutKey)
    i.bsp_RunPer10ms                         0x080025c4   Section        0  bsp.o(i.bsp_RunPer10ms)
    i.bsp_RunPer1ms                          0x080025cc   Section        0  bsp.o(i.bsp_RunPer1ms)
    i.bsp_SoftTimerDec                       0x080025ce   Section        0  bsp_timer.o(i.bsp_SoftTimerDec)
    bsp_SoftTimerDec                         0x080025cf   Thumb Code    28  bsp_timer.o(i.bsp_SoftTimerDec)
    i.bsp_StartAutoTimer                     0x080025ec   Section        0  bsp_timer.o(i.bsp_StartAutoTimer)
    i.comSendBuf                             0x08002694   Section        0  bsp_uart_fifo.o(i.comSendBuf)
    i.comSendChar                            0x080026c2   Section        0  bsp_uart_fifo.o(i.comSendChar)
    i.fputc                                  0x080026d2   Section        0  bsp_uart_fifo.o(i.fputc)
    i.i2c_Delay                              0x080026e4   Section        0  bsp_i2c_gpio.o(i.i2c_Delay)
    i2c_Delay                                0x080026e5   Thumb Code    14  bsp_i2c_gpio.o(i.i2c_Delay)
    i.i2c_Stop                               0x080026f4   Section        0  bsp_i2c_gpio.o(i.i2c_Stop)
    i.main                                   0x08002720   Section        0  main.o(i.main)
    .constdata                               0x08002820   Section     3196  hzmix.o(.constdata)
    .constdata                               0x0800349c   Section       48  bsp_timer.o(.constdata)
    __FUNCTION__                             0x0800349c   Data          15  bsp_timer.o(.constdata)
    __FUNCTION__                             0x080034ab   Data          19  bsp_timer.o(.constdata)
    __FUNCTION__                             0x080034be   Data          14  bsp_timer.o(.constdata)
    .data                                    0x20000000   Section       13  bsp_timer.o(.data)
    s_uiDelayCount                           0x20000000   Data           4  bsp_timer.o(.data)
    s_ucTimeOutFlag                          0x20000004   Data           1  bsp_timer.o(.data)
    s_count                                  0x2000000c   Data           1  bsp_timer.o(.data)
    .data                                    0x2000000d   Section       16  stm32f4xx_rcc.o(.data)
    APBAHBPrescTable                         0x2000000d   Data          16  stm32f4xx_rcc.o(.data)
    .data                                    0x20000020   Section       20  system_stm32f4xx.o(.data)
    .data                                    0x20000034   Section        4  stdout.o(.data)
    .bss                                     0x20000038   Section      173  bsp_key.o(.bss)
    s_tBtn                                   0x20000038   Data         160  bsp_key.o(.bss)
    s_tKey                                   0x200000d8   Data          13  bsp_key.o(.bss)
    .bss                                     0x200000e8   Section       48  bsp_timer.o(.bss)
    s_tTmr                                   0x200000e8   Data          48  bsp_timer.o(.bss)
    .bss                                     0x20000118   Section     2088  bsp_uart_fifo.o(.bss)
    g_tUart1                                 0x20000118   Data          40  bsp_uart_fifo.o(.bss)
    g_TxBuf1                                 0x20000140   Data        1024  bsp_uart_fifo.o(.bss)
    g_RxBuf1                                 0x20000540   Data        1024  bsp_uart_fifo.o(.bss)
    .bss                                     0x20000940   Section     2048  bsp_oled12864.o(.bss)
    buf                                      0x20000d40   Data        1024  bsp_oled12864.o(.bss)
    .bss                                     0x20001140   Section       32  bsp_hx711.o(.bss)
    STACK                                    0x20001160   Section    16384  startup_stm32f4xx.o(STACK)

    Global Symbols

    Symbol Name                              Value     Ov Type        Size  Object(Section)

    BuildAttributes$$THM_ISAv4$E$P$D$K$B$S$7EM$VFPi3$EXTD16$VFPS$VFMA$PE$A:L22UL41UL21$X:L11$S22US41US21$IEEE1$IW$USESV6$~STKCKD$USESV7$~SHL$OSPACE$ROPI$EBA8$MICROLIB$REQ8$PRES8$EABIv2 0x00000000   Number         0  anon$$obj.o ABSOLUTE
    __ARM_use_no_argv                        0x00000000   Number         0  main.o ABSOLUTE
    _printf_a                                0x00000000   Number         0  stubs.o ABSOLUTE
    _printf_c                                0x00000000   Number         0  stubs.o ABSOLUTE
    _printf_charcount                        0x00000000   Number         0  stubs.o ABSOLUTE
    _printf_d                                0x00000000   Number         0  stubs.o ABSOLUTE
    _printf_e                                0x00000000   Number         0  stubs.o ABSOLUTE
    _printf_f                                0x00000000   Number         0  stubs.o ABSOLUTE
    _printf_flags                            0x00000000   Number         0  stubs.o ABSOLUTE
    _printf_fp_dec                           0x00000000   Number         0  stubs.o ABSOLUTE
    _printf_fp_hex                           0x00000000   Number         0  stubs.o ABSOLUTE
    _printf_g                                0x00000000   Number         0  stubs.o ABSOLUTE
    _printf_i                                0x00000000   Number         0  stubs.o ABSOLUTE
    _printf_int_dec                          0x00000000   Number         0  stubs.o ABSOLUTE
    _printf_l                                0x00000000   Number         0  stubs.o ABSOLUTE
    _printf_lc                               0x00000000   Number         0  stubs.o ABSOLUTE
    _printf_ll                               0x00000000   Number         0  stubs.o ABSOLUTE
    _printf_lld                              0x00000000   Number         0  stubs.o ABSOLUTE
    _printf_lli                              0x00000000   Number         0  stubs.o ABSOLUTE
    _printf_llo                              0x00000000   Number         0  stubs.o ABSOLUTE
    _printf_llu                              0x00000000   Number         0  stubs.o ABSOLUTE
    _printf_llx                              0x00000000   Number         0  stubs.o ABSOLUTE
    _printf_longlong_dec                     0x00000000   Number         0  stubs.o ABSOLUTE
    _printf_longlong_hex                     0x00000000   Number         0  stubs.o ABSOLUTE
    _printf_longlong_oct                     0x00000000   Number         0  stubs.o ABSOLUTE
    _printf_ls                               0x00000000   Number         0  stubs.o ABSOLUTE
    _printf_mbtowc                           0x00000000   Number         0  stubs.o ABSOLUTE
    _printf_n                                0x00000000   Number         0  stubs.o ABSOLUTE
    _printf_o                                0x00000000   Number         0  stubs.o ABSOLUTE
    _printf_p                                0x00000000   Number         0  stubs.o ABSOLUTE
    _printf_percent                          0x00000000   Number         0  stubs.o ABSOLUTE
    _printf_pre_padding                      0x00000000   Number         0  stubs.o ABSOLUTE
    _printf_return_value                     0x00000000   Number         0  stubs.o ABSOLUTE
    _printf_s                                0x00000000   Number         0  stubs.o ABSOLUTE
    _printf_sizespec                         0x00000000   Number         0  stubs.o ABSOLUTE
    _printf_str                              0x00000000   Number         0  stubs.o ABSOLUTE
    _printf_truncate_signed                  0x00000000   Number         0  stubs.o ABSOLUTE
    _printf_truncate_unsigned                0x00000000   Number         0  stubs.o ABSOLUTE
    _printf_u                                0x00000000   Number         0  stubs.o ABSOLUTE
    _printf_wc                               0x00000000   Number         0  stubs.o ABSOLUTE
    _printf_wctomb                           0x00000000   Number         0  stubs.o ABSOLUTE
    _printf_widthprec                        0x00000000   Number         0  stubs.o ABSOLUTE
    _printf_x                                0x00000000   Number         0  stubs.o ABSOLUTE
    __cpp_initialize__aeabi_                  - Undefined Weak Reference
    __cxa_finalize                            - Undefined Weak Reference
    __decompress                              - Undefined Weak Reference
    _clock_init                               - Undefined Weak Reference
    _microlib_exit                            - Undefined Weak Reference
    __Vectors_Size                           0x00000188   Number         0  startup_stm32f4xx.o ABSOLUTE
    __Vectors                                0x08000000   Data           4  startup_stm32f4xx.o(RESET)
    __Vectors_End                            0x08000188   Data           0  startup_stm32f4xx.o(RESET)
    __main                                   0x08000189   Thumb Code     0  entry.o(.ARM.Collect$$$$00000000)
    _main_stk                                0x08000189   Thumb Code     0  entry2.o(.ARM.Collect$$$$00000001)
    _main_scatterload                        0x0800018d   Thumb Code     0  entry5.o(.ARM.Collect$$$$00000004)
    __main_after_scatterload                 0x08000191   Thumb Code     0  entry5.o(.ARM.Collect$$$$00000004)
    _main_clock                              0x08000191   Thumb Code     0  entry7b.o(.ARM.Collect$$$$00000008)
    _main_cpp_init                           0x08000191   Thumb Code     0  entry8b.o(.ARM.Collect$$$$0000000A)
    _main_init                               0x08000191   Thumb Code     0  entry9a.o(.ARM.Collect$$$$0000000B)
    __rt_final_cpp                           0x08000199   Thumb Code     0  entry10a.o(.ARM.Collect$$$$0000000D)
    __rt_final_exit                          0x08000199   Thumb Code     0  entry11a.o(.ARM.Collect$$$$0000000F)
    Reset_Handler                            0x0800019d   Thumb Code     8  startup_stm32f4xx.o(.text)
    ADC_IRQHandler                           0x080001b7   Thumb Code     0  startup_stm32f4xx.o(.text)
    CAN1_RX0_IRQHandler                      0x080001b7   Thumb Code     0  startup_stm32f4xx.o(.text)
    CAN1_RX1_IRQHandler                      0x080001b7   Thumb Code     0  startup_stm32f4xx.o(.text)
    CAN1_SCE_IRQHandler                      0x080001b7   Thumb Code     0  startup_stm32f4xx.o(.text)
    CAN1_TX_IRQHandler                       0x080001b7   Thumb Code     0  startup_stm32f4xx.o(.text)
    CAN2_RX0_IRQHandler                      0x080001b7   Thumb Code     0  startup_stm32f4xx.o(.text)
    CAN2_RX1_IRQHandler                      0x080001b7   Thumb Code     0  startup_stm32f4xx.o(.text)
    CAN2_SCE_IRQHandler                      0x080001b7   Thumb Code     0  startup_stm32f4xx.o(.text)
    CAN2_TX_IRQHandler                       0x080001b7   Thumb Code     0  startup_stm32f4xx.o(.text)
    CRYP_IRQHandler                          0x080001b7   Thumb Code     0  startup_stm32f4xx.o(.text)
    DCMI_IRQHandler                          0x080001b7   Thumb Code     0  startup_stm32f4xx.o(.text)
    DMA1_Stream0_IRQHandler                  0x080001b7   Thumb Code     0  startup_stm32f4xx.o(.text)
    DMA1_Stream1_IRQHandler                  0x080001b7   Thumb Code     0  startup_stm32f4xx.o(.text)
    DMA1_Stream2_IRQHandler                  0x080001b7   Thumb Code     0  startup_stm32f4xx.o(.text)
    DMA1_Stream3_IRQHandler                  0x080001b7   Thumb Code     0  startup_stm32f4xx.o(.text)
    DMA1_Stream4_IRQHandler                  0x080001b7   Thumb Code     0  startup_stm32f4xx.o(.text)
    DMA1_Stream5_IRQHandler                  0x080001b7   Thumb Code     0  startup_stm32f4xx.o(.text)
    DMA1_Stream6_IRQHandler                  0x080001b7   Thumb Code     0  startup_stm32f4xx.o(.text)
    DMA1_Stream7_IRQHandler                  0x080001b7   Thumb Code     0  startup_stm32f4xx.o(.text)
    DMA2_Stream0_IRQHandler                  0x080001b7   Thumb Code     0  startup_stm32f4xx.o(.text)
    DMA2_Stream1_IRQHandler                  0x080001b7   Thumb Code     0  startup_stm32f4xx.o(.text)
    DMA2_Stream2_IRQHandler                  0x080001b7   Thumb Code     0  startup_stm32f4xx.o(.text)
    DMA2_Stream3_IRQHandler                  0x080001b7   Thumb Code     0  startup_stm32f4xx.o(.text)
    DMA2_Stream4_IRQHandler                  0x080001b7   Thumb Code     0  startup_stm32f4xx.o(.text)
    DMA2_Stream5_IRQHandler                  0x080001b7   Thumb Code     0  startup_stm32f4xx.o(.text)
    DMA2_Stream6_IRQHandler                  0x080001b7   Thumb Code     0  startup_stm32f4xx.o(.text)
    DMA2_Stream7_IRQHandler                  0x080001b7   Thumb Code     0  startup_stm32f4xx.o(.text)
    ETH_IRQHandler                           0x080001b7   Thumb Code     0  startup_stm32f4xx.o(.text)
    ETH_WKUP_IRQHandler                      0x080001b7   Thumb Code     0  startup_stm32f4xx.o(.text)
    EXTI0_IRQHandler                         0x080001b7   Thumb Code     0  startup_stm32f4xx.o(.text)
    EXTI15_10_IRQHandler                     0x080001b7   Thumb Code     0  startup_stm32f4xx.o(.text)
    EXTI1_IRQHandler                         0x080001b7   Thumb Code     0  startup_stm32f4xx.o(.text)
    EXTI2_IRQHandler                         0x080001b7   Thumb Code     0  startup_stm32f4xx.o(.text)
    EXTI3_IRQHandler                         0x080001b7   Thumb Code     0  startup_stm32f4xx.o(.text)
    EXTI4_IRQHandler                         0x080001b7   Thumb Code     0  startup_stm32f4xx.o(.text)
    EXTI9_5_IRQHandler                       0x080001b7   Thumb Code     0  startup_stm32f4xx.o(.text)
    FLASH_IRQHandler                         0x080001b7   Thumb Code     0  startup_stm32f4xx.o(.text)
    FPU_IRQHandler                           0x080001b7   Thumb Code     0  startup_stm32f4xx.o(.text)
    FSMC_IRQHandler                          0x080001b7   Thumb Code     0  startup_stm32f4xx.o(.text)
    HASH_RNG_IRQHandler                      0x080001b7   Thumb Code     0  startup_stm32f4xx.o(.text)
    I2C1_ER_IRQHandler                       0x080001b7   Thumb Code     0  startup_stm32f4xx.o(.text)
    I2C1_EV_IRQHandler                       0x080001b7   Thumb Code     0  startup_stm32f4xx.o(.text)
    I2C2_ER_IRQHandler                       0x080001b7   Thumb Code     0  startup_stm32f4xx.o(.text)
    I2C2_EV_IRQHandler                       0x080001b7   Thumb Code     0  startup_stm32f4xx.o(.text)
    I2C3_ER_IRQHandler                       0x080001b7   Thumb Code     0  startup_stm32f4xx.o(.text)
    I2C3_EV_IRQHandler                       0x080001b7   Thumb Code     0  startup_stm32f4xx.o(.text)
    OTG_FS_IRQHandler                        0x080001b7   Thumb Code     0  startup_stm32f4xx.o(.text)
    OTG_FS_WKUP_IRQHandler                   0x080001b7   Thumb Code     0  startup_stm32f4xx.o(.text)
    OTG_HS_EP1_IN_IRQHandler                 0x080001b7   Thumb Code     0  startup_stm32f4xx.o(.text)
    OTG_HS_EP1_OUT_IRQHandler                0x080001b7   Thumb Code     0  startup_stm32f4xx.o(.text)
    OTG_HS_IRQHandler                        0x080001b7   Thumb Code     0  startup_stm32f4xx.o(.text)
    OTG_HS_WKUP_IRQHandler                   0x080001b7   Thumb Code     0  startup_stm32f4xx.o(.text)
    PVD_IRQHandler                           0x080001b7   Thumb Code     0  startup_stm32f4xx.o(.text)
    RCC_IRQHandler                           0x080001b7   Thumb Code     0  startup_stm32f4xx.o(.text)
    RTC_Alarm_IRQHandler                     0x080001b7   Thumb Code     0  startup_stm32f4xx.o(.text)
    RTC_WKUP_IRQHandler                      0x080001b7   Thumb Code     0  startup_stm32f4xx.o(.text)
    SDIO_IRQHandler                          0x080001b7   Thumb Code     0  startup_stm32f4xx.o(.text)
    SPI1_IRQHandler                          0x080001b7   Thumb Code     0  startup_stm32f4xx.o(.text)
    SPI2_IRQHandler                          0x080001b7   Thumb Code     0  startup_stm32f4xx.o(.text)
    SPI3_IRQHandler                          0x080001b7   Thumb Code     0  startup_stm32f4xx.o(.text)
    TAMP_STAMP_IRQHandler                    0x080001b7   Thumb Code     0  startup_stm32f4xx.o(.text)
    TIM1_BRK_TIM9_IRQHandler                 0x080001b7   Thumb Code     0  startup_stm32f4xx.o(.text)
    TIM1_CC_IRQHandler                       0x080001b7   Thumb Code     0  startup_stm32f4xx.o(.text)
    TIM1_TRG_COM_TIM11_IRQHandler            0x080001b7   Thumb Code     0  startup_stm32f4xx.o(.text)
    TIM1_UP_TIM10_IRQHandler                 0x080001b7   Thumb Code     0  startup_stm32f4xx.o(.text)
    TIM2_IRQHandler                          0x080001b7   Thumb Code     0  startup_stm32f4xx.o(.text)
    TIM3_IRQHandler                          0x080001b7   Thumb Code     0  startup_stm32f4xx.o(.text)
    TIM4_IRQHandler                          0x080001b7   Thumb Code     0  startup_stm32f4xx.o(.text)
    TIM5_IRQHandler                          0x080001b7   Thumb Code     0  startup_stm32f4xx.o(.text)
    TIM6_DAC_IRQHandler                      0x080001b7   Thumb Code     0  startup_stm32f4xx.o(.text)
    TIM7_IRQHandler                          0x080001b7   Thumb Code     0  startup_stm32f4xx.o(.text)
    TIM8_BRK_TIM12_IRQHandler                0x080001b7   Thumb Code     0  startup_stm32f4xx.o(.text)
    TIM8_CC_IRQHandler                       0x080001b7   Thumb Code     0  startup_stm32f4xx.o(.text)
    TIM8_TRG_COM_TIM14_IRQHandler            0x080001b7   Thumb Code     0  startup_stm32f4xx.o(.text)
    TIM8_UP_TIM13_IRQHandler                 0x080001b7   Thumb Code     0  startup_stm32f4xx.o(.text)
    UART4_IRQHandler                         0x080001b7   Thumb Code     0  startup_stm32f4xx.o(.text)
    UART5_IRQHandler                         0x080001b7   Thumb Code     0  startup_stm32f4xx.o(.text)
    USART2_IRQHandler                        0x080001b7   Thumb Code     0  startup_stm32f4xx.o(.text)
    USART3_IRQHandler                        0x080001b7   Thumb Code     0  startup_stm32f4xx.o(.text)
    USART6_IRQHandler                        0x080001b7   Thumb Code     0  startup_stm32f4xx.o(.text)
    WWDG_IRQHandler                          0x080001b7   Thumb Code     0  startup_stm32f4xx.o(.text)
    __aeabi_uldivmod                         0x080001c1   Thumb Code    98  uldiv.o(.text)
    __scatterload                            0x08000225   Thumb Code    28  init.o(.text)
    __scatterload_rt2                        0x08000225   Thumb Code     0  init.o(.text)
    __aeabi_llsl                             0x08000249   Thumb Code    30  llshl.o(.text)
    _ll_shift_l                              0x08000249   Thumb Code     0  llshl.o(.text)
    __aeabi_llsr                             0x08000267   Thumb Code    32  llushr.o(.text)
    _ll_ushift_r                             0x08000267   Thumb Code     0  llushr.o(.text)
    BusFault_Handler                         0x08000287   Thumb Code     4  stm32f4xx_it.o(i.BusFault_Handler)
    ComToUart                                0x0800028d   Thumb Code    52  bsp_uart_fifo.o(i.ComToUart)
    DebugMon_Handler                         0x080002e9   Thumb Code     2  stm32f4xx_it.o(i.DebugMon_Handler)
    Delay_Hx711_Us                           0x080002eb   Thumb Code    14  bsp_hx711.o(i.Delay_Hx711_Us)
    Disp_Power_On_Logo                       0x080002f9   Thumb Code    28  main.o(i.Disp_Power_On_Logo)
    Disp_Weight_Max_Value                    0x08000321   Thumb Code   562  main.o(i.Disp_Weight_Max_Value)
    Disp_Weight_value                        0x08000555   Thumb Code   616  main.o(i.Disp_Weight_value)
    Disp_Weight_value_Init                   0x080007c1   Thumb Code   108  main.o(i.Disp_Weight_value_Init)
    GPIO_Init                                0x08000845   Thumb Code   144  stm32f4xx_gpio.o(i.GPIO_Init)
    GPIO_PinAFConfig                         0x080008d5   Thumb Code    70  stm32f4xx_gpio.o(i.GPIO_PinAFConfig)
    GPIO_StructInit                          0x0800091b   Thumb Code    18  stm32f4xx_gpio.o(i.GPIO_StructInit)
    GUIPROP_FindChar                         0x0800092d   Thumb Code    30  font.o(i.GUIPROP_FindChar)
    GUI_Clear                                0x0800094d   Thumb Code    36  bsp_oled12864.o(i.GUI_Clear)
    GUI_Exec                                 0x08000975   Thumb Code   104  bsp_oled12864.o(i.GUI_Exec)
    Get_Weight                               0x080009e5   Thumb Code   262  bsp_hx711.o(i.Get_Weight)
    HX711_2_Read                             0x08000af1   Thumb Code    98  bsp_hx711.o(i.HX711_2_Read)
    HX711_Read                               0x08000b59   Thumb Code    98  bsp_hx711.o(i.HX711_Read)
    HardFault_Handler                        0x08000bc1   Thumb Code    38  stm32f4xx_it.o(i.HardFault_Handler)
    Hx711_GPIO_Config                        0x08000c19   Thumb Code    94  bsp_hx711.o(i.Hx711_GPIO_Config)
    MemManage_Handler                        0x08000e17   Thumb Code     4  stm32f4xx_it.o(i.MemManage_Handler)
    NMI_Handler                              0x08000e1b   Thumb Code     2  stm32f4xx_it.o(i.NMI_Handler)
    NVIC_Init                                0x08000e1d   Thumb Code   106  misc.o(i.NVIC_Init)
    NVIC_PriorityGroupConfig                 0x08000e95   Thumb Code    10  misc.o(i.NVIC_PriorityGroupConfig)
    OLED_Fill                                0x08000ea9   Thumb Code    58  bsp_oled12864.o(i.OLED_Fill)
    OLED_GPIO_Config                         0x08000ee5   Thumb Code    96  bsp_oled12864.o(i.OLED_GPIO_Config)
    OLED_Init                                0x08000f4d   Thumb Code   222  bsp_oled12864.o(i.OLED_Init)
    OLED_SetPos                              0x08001035   Thumb Code    40  bsp_oled12864.o(i.OLED_SetPos)
    OLED_WrCmd                               0x0800105d   Thumb Code    54  bsp_oled12864.o(i.OLED_WrCmd)
    OLED_WrDat                               0x08001099   Thumb Code    54  bsp_oled12864.o(i.OLED_WrDat)
    PendSV_Handler                           0x080010d5   Thumb Code     2  stm32f4xx_it.o(i.PendSV_Handler)
    RCC_AHB1PeriphClockCmd                   0x080010d9   Thumb Code    26  stm32f4xx_rcc.o(i.RCC_AHB1PeriphClockCmd)
    RCC_APB2PeriphClockCmd                   0x080010f9   Thumb Code    26  stm32f4xx_rcc.o(i.RCC_APB2PeriphClockCmd)
    RCC_GetClocksFreq                        0x08001119   Thumb Code   214  stm32f4xx_rcc.o(i.RCC_GetClocksFreq)
    SDA_OUT                                  0x08001201   Thumb Code    40  bsp_i2c_gpio.o(i.SDA_OUT)
    SVC_Handler                              0x0800122d   Thumb Code     2  stm32f4xx_it.o(i.SVC_Handler)
    SysTick_Handler                          0x0800131d   Thumb Code     8  bsp_timer.o(i.SysTick_Handler)
    SysTick_ISR                              0x08001325   Thumb Code   110  bsp_timer.o(i.SysTick_ISR)
    SystemInit                               0x080013a9   Thumb Code    88  system_stm32f4xx.o(i.SystemInit)
    USART1_IRQHandler                        0x08001411   Thumb Code    10  bsp_uart_fifo.o(i.USART1_IRQHandler)
    USART_ClearFlag                          0x08001421   Thumb Code    18  stm32f4xx_usart.o(i.USART_ClearFlag)
    USART_Cmd                                0x08001433   Thumb Code    24  stm32f4xx_usart.o(i.USART_Cmd)
    USART_GetITStatus                        0x0800144b   Thumb Code    84  stm32f4xx_usart.o(i.USART_GetITStatus)
    USART_ITConfig                           0x0800149f   Thumb Code    74  stm32f4xx_usart.o(i.USART_ITConfig)
    USART_Init                               0x080014e9   Thumb Code   204  stm32f4xx_usart.o(i.USART_Init)
    USART_ReceiveData                        0x080015bd   Thumb Code    10  stm32f4xx_usart.o(i.USART_ReceiveData)
    USART_SendData                           0x080015c7   Thumb Code     8  stm32f4xx_usart.o(i.USART_SendData)
    UsageFault_Handler                       0x08001765   Thumb Code     4  stm32f4xx_it.o(i.UsageFault_Handler)
    _Draw_Font_Prop                          0x08001769   Thumb Code   604  bsp_oled12864.o(i._Draw_Font_Prop)
    _Draw_One_Ascii                          0x080019c9   Thumb Code   154  bsp_oled12864.o(i._Draw_One_Ascii)
    _Draw_One_HZ                             0x08001a6d   Thumb Code   204  bsp_oled12864.o(i._Draw_One_HZ)
    _Draw_String_Ascii                       0x08001b41   Thumb Code   140  bsp_oled12864.o(i._Draw_String_Ascii)
    _Draw_String_HZ_H                        0x08001bcd   Thumb Code   112  bsp_oled12864.o(i._Draw_String_HZ_H)
    __0printf$8                              0x08001c3d   Thumb Code    22  printf8.o(i.__0printf$8)
    __1printf$8                              0x08001c3d   Thumb Code     0  printf8.o(i.__0printf$8)
    __2printf                                0x08001c3d   Thumb Code     0  printf8.o(i.__0printf$8)
    __scatterload_copy                       0x08001c5d   Thumb Code    14  handlers.o(i.__scatterload_copy)
    __scatterload_null                       0x08001c6b   Thumb Code     2  handlers.o(i.__scatterload_null)
    __scatterload_zeroinit                   0x08001c6d   Thumb Code    14  handlers.o(i.__scatterload_zeroinit)
    bsp_CheckTimer                           0x080020ed   Thumb Code    48  bsp_timer.o(i.bsp_CheckTimer)
    bsp_DelayMS                              0x08002121   Thumb Code    58  bsp_timer.o(i.bsp_DelayMS)
    bsp_Idle                                 0x08002231   Thumb Code     2  bsp.o(i.bsp_Idle)
    bsp_Init                                 0x08002233   Thumb Code    24  bsp.o(i.bsp_Init)
    bsp_InitI2C                              0x0800224d   Thumb Code    50  bsp_i2c_gpio.o(i.bsp_InitI2C)
    bsp_InitKey                              0x08002285   Thumb Code    12  bsp_key.o(i.bsp_InitKey)
    bsp_InitLed                              0x080023ed   Thumb Code   106  bsp_led.o(i.bsp_InitLed)
    bsp_InitTimer                            0x0800245d   Thumb Code   138  bsp_timer.o(i.bsp_InitTimer)
    bsp_InitUart                             0x080024f9   Thumb Code    16  bsp_uart_fifo.o(i.bsp_InitUart)
    bsp_KeyScan                              0x08002509   Thumb Code    22  bsp_key.o(i.bsp_KeyScan)
    bsp_LedOff                               0x08002521   Thumb Code    50  bsp_led.o(i.bsp_LedOff)
    bsp_LedToggle                            0x08002559   Thumb Code    72  bsp_led.o(i.bsp_LedToggle)
    bsp_PutKey                               0x080025a5   Thumb Code    28  bsp_key.o(i.bsp_PutKey)
    bsp_RunPer10ms                           0x080025c5   Thumb Code     8  bsp.o(i.bsp_RunPer10ms)
    bsp_RunPer1ms                            0x080025cd   Thumb Code     2  bsp.o(i.bsp_RunPer1ms)
    bsp_StartAutoTimer                       0x080025ed   Thumb Code    84  bsp_timer.o(i.bsp_StartAutoTimer)
    comSendBuf                               0x08002695   Thumb Code    46  bsp_uart_fifo.o(i.comSendBuf)
    comSendChar                              0x080026c3   Thumb Code    16  bsp_uart_fifo.o(i.comSendChar)
    fputc                                    0x080026d3   Thumb Code    18  bsp_uart_fifo.o(i.fputc)
    i2c_Stop                                 0x080026f5   Thumb Code    38  bsp_i2c_gpio.o(i.i2c_Stop)
    main                                     0x08002721   Thumb Code   246  main.o(i.main)
    LogoBmp                                  0x08002820   Data        1024  hzmix.o(.constdata)
    acFontHZ_BABD                            0x08002c20   Data         144  hzmix.o(.constdata)
    acFontHZ_BFD5                            0x08002cb0   Data         144  hzmix.o(.constdata)
    acFontHZ_CCEC                            0x08002d40   Data         144  hzmix.o(.constdata)
    acFontHZ_CFE8                            0x08002dd0   Data         144  hzmix.o(.constdata)
    GUI_FontHZ_32x36_CharInfo                0x08002e60   Data          32  hzmix.o(.constdata)
    GUI_FontHZ_32x36_Prop4                   0x08002e80   Data          12  hzmix.o(.constdata)
    GUI_FontHZ_32x36_Prop3                   0x08002e8c   Data          12  hzmix.o(.constdata)
    GUI_FontHZ_32x36_Prop2                   0x08002e98   Data          12  hzmix.o(.constdata)
    GUI_FontHZ_32x36_Prop1                   0x08002ea4   Data          12  hzmix.o(.constdata)
    GUI_FontHZ32x36                          0x08002eb0   Data           4  hzmix.o(.constdata)
    acFontHZ_B7E5                            0x08002eb4   Data          32  hzmix.o(.constdata)
    acFontHZ_C1A6                            0x08002ed4   Data          32  hzmix.o(.constdata)
    acFontHZ_C9FD                            0x08002ef4   Data          32  hzmix.o(.constdata)
    acFontHZ_D6B5                            0x08002f14   Data          32  hzmix.o(.constdata)
    GUI_FontHZ_16x16_CharInfo                0x08002f34   Data          32  hzmix.o(.constdata)
    GUI_FontHZ_16x16_Prop4                   0x08002f54   Data          12  hzmix.o(.constdata)
    GUI_FontHZ_16x16_Prop3                   0x08002f60   Data          12  hzmix.o(.constdata)
    GUI_FontHZ_16x16_Prop2                   0x08002f6c   Data          12  hzmix.o(.constdata)
    GUI_FontHZ_16x16_Prop1                   0x08002f78   Data          12  hzmix.o(.constdata)
    GUI_FontHZ16x16                          0x08002f84   Data           4  hzmix.o(.constdata)
    acFontHZ_0030                            0x08002f88   Data          12  hzmix.o(.constdata)
    acFontHZ_0031                            0x08002f94   Data          12  hzmix.o(.constdata)
    acFontHZ_0032                            0x08002fa0   Data          12  hzmix.o(.constdata)
    acFontHZ_0033                            0x08002fac   Data          12  hzmix.o(.constdata)
    acFontHZ_0034                            0x08002fb8   Data          12  hzmix.o(.constdata)
    acFontHZ_0035                            0x08002fc4   Data          12  hzmix.o(.constdata)
    acFontHZ_0036                            0x08002fd0   Data          12  hzmix.o(.constdata)
    acFontHZ_0037                            0x08002fdc   Data          12  hzmix.o(.constdata)
    acFontHZ_0038                            0x08002fe8   Data          12  hzmix.o(.constdata)
    acFontHZ_0039                            0x08002ff4   Data          12  hzmix.o(.constdata)
    acFontHZ_003A                            0x08003000   Data          12  hzmix.o(.constdata)
    acFontHZ_0067                            0x0800300c   Data          12  hzmix.o(.constdata)
    acFontHZ_0020                            0x08003018   Data          12  hzmix.o(.constdata)
    GUI_FontAscii_8x12_CharInfo              0x08003024   Data         104  hzmix.o(.constdata)
    acFontAscii_0020                         0x0800308c   Data          72  hzmix.o(.constdata)
    acFontAscii_0030                         0x080030d4   Data          72  hzmix.o(.constdata)
    acFontAscii_0031                         0x0800311c   Data          72  hzmix.o(.constdata)
    acFontAscii_0032                         0x08003164   Data          72  hzmix.o(.constdata)
    acFontAscii_0033                         0x080031ac   Data          72  hzmix.o(.constdata)
    acFontAscii_0034                         0x080031f4   Data          72  hzmix.o(.constdata)
    acFontAscii_0035                         0x0800323c   Data          72  hzmix.o(.constdata)
    acFontAscii_0036                         0x08003284   Data          72  hzmix.o(.constdata)
    acFontAscii_0037                         0x080032cc   Data          72  hzmix.o(.constdata)
    acFontAscii_0038                         0x08003314   Data         152  hzmix.o(.constdata)
    acFontAscii_0039                         0x080033ac   Data         152  hzmix.o(.constdata)
    GUI_FontAscii_24x24_CharInfo             0x08003444   Data          88  hzmix.o(.constdata)
    Region$$Table$$Base                      0x080034cc   Number         0  anon$$obj.o(Region$$Table)
    Region$$Table$$Limit                     0x080034ec   Number         0  anon$$obj.o(Region$$Table)
    g_iRunTime                               0x20000008   Data           4  bsp_timer.o(.data)
    SystemCoreClock                          0x20000020   Data           4  system_stm32f4xx.o(.data)
    AHBPrescTable                            0x20000024   Data          16  system_stm32f4xx.o(.data)
    __stdout                                 0x20000034   Data           4  stdout.o(.data)
    oledBuf                                  0x20000940   Data        1024  bsp_oled12864.o(.bss)
    Weight                                   0x20001140   Data          32  bsp_hx711.o(.bss)
    __initial_sp                             0x20005160   Data           0  startup_stm32f4xx.o(STACK)



==============================================================================

Memory Map of the image

  Image Entry point : 0x08000189

  Load Region LR_IROM1 (Base: 0x08000000, Size: 0x00003524, Max: 0x00100000, ABSOLUTE)

    Execution Region ER_IROM1 (Base: 0x08000000, Size: 0x000034ec, Max: 0x00100000, ABSOLUTE)

    Base Addr    Size         Type   Attr      Idx    E Section Name        Object

    0x08000000   0x00000188   Data   RO          995    RESET               startup_stm32f4xx.o
    0x08000188   0x00000000   Code   RO         1673  * .ARM.Collect$$$$00000000  mc_w.l(entry.o)
    0x08000188   0x00000004   Code   RO         1937    .ARM.Collect$$$$00000001  mc_w.l(entry2.o)
    0x0800018c   0x00000004   Code   RO         1940    .ARM.Collect$$$$00000004  mc_w.l(entry5.o)
    0x08000190   0x00000000   Code   RO         1942    .ARM.Collect$$$$00000008  mc_w.l(entry7b.o)
    0x08000190   0x00000000   Code   RO         1944    .ARM.Collect$$$$0000000A  mc_w.l(entry8b.o)
    0x08000190   0x00000008   Code   RO         1945    .ARM.Collect$$$$0000000B  mc_w.l(entry9a.o)
    0x08000198   0x00000000   Code   RO         1947    .ARM.Collect$$$$0000000D  mc_w.l(entry10a.o)
    0x08000198   0x00000000   Code   RO         1949    .ARM.Collect$$$$0000000F  mc_w.l(entry11a.o)
    0x08000198   0x00000004   Code   RO         1938    .ARM.Collect$$$$00002712  mc_w.l(entry2.o)
    0x0800019c   0x00000024   Code   RO          996    .text               startup_stm32f4xx.o
    0x080001c0   0x00000062   Code   RO         1954    .text               mc_w.l(uldiv.o)
    0x08000222   0x00000002   PAD
    0x08000224   0x00000024   Code   RO         1967    .text               mc_w.l(init.o)
    0x08000248   0x0000001e   Code   RO         1969    .text               mc_w.l(llshl.o)
    0x08000266   0x00000020   Code   RO         1971    .text               mc_w.l(llushr.o)
    0x08000286   0x00000004   Code   RO          589    i.BusFault_Handler  stm32f4xx_it.o
    0x0800028a   0x00000002   PAD
    0x0800028c   0x00000038   Code   RO          470    i.ComToUart         bsp_uart_fifo.o
    0x080002c4   0x00000024   Code   RO          471    i.ConfigUartNVIC    bsp_uart_fifo.o
    0x080002e8   0x00000002   Code   RO          590    i.DebugMon_Handler  stm32f4xx_it.o
    0x080002ea   0x0000000e   Code   RO          948    i.Delay_Hx711_Us    bsp_hx711.o
    0x080002f8   0x00000028   Code   RO            2    i.Disp_Power_On_Logo  main.o
    0x08000320   0x00000232   Code   RO            3    i.Disp_Weight_Max_Value  main.o
    0x08000552   0x00000002   PAD
    0x08000554   0x0000026c   Code   RO            4    i.Disp_Weight_value  main.o
    0x080007c0   0x00000084   Code   RO            5    i.Disp_Weight_value_Init  main.o
    0x08000844   0x00000090   Code   RO         1364    i.GPIO_Init         stm32f4xx_gpio.o
    0x080008d4   0x00000046   Code   RO         1365    i.GPIO_PinAFConfig  stm32f4xx_gpio.o
    0x0800091a   0x00000012   Code   RO         1373    i.GPIO_StructInit   stm32f4xx_gpio.o
    0x0800092c   0x0000001e   Code   RO          193    i.GUIPROP_FindChar  font.o
    0x0800094a   0x00000002   PAD
    0x0800094c   0x00000028   Code   RO          839    i.GUI_Clear         bsp_oled12864.o
    0x08000974   0x00000070   Code   RO          840    i.GUI_Exec          bsp_oled12864.o
    0x080009e4   0x0000010c   Code   RO          949    i.Get_Weight        bsp_hx711.o
    0x08000af0   0x00000068   Code   RO          950    i.HX711_2_Read      bsp_hx711.o
    0x08000b58   0x00000068   Code   RO          951    i.HX711_Read        bsp_hx711.o
    0x08000bc0   0x00000058   Code   RO          591    i.HardFault_Handler  stm32f4xx_it.o
    0x08000c18   0x00000064   Code   RO          952    i.Hx711_GPIO_Config  bsp_hx711.o
    0x08000c7c   0x000000ac   Code   RO          472    i.InitHardUart      bsp_uart_fifo.o
    0x08000d28   0x00000018   Code   RO          225    i.IsKeyDown1        bsp_key.o
    0x08000d40   0x00000016   Code   RO          226    i.IsKeyDown10       bsp_key.o
    0x08000d56   0x00000002   PAD
    0x08000d58   0x00000018   Code   RO          227    i.IsKeyDown2        bsp_key.o
    0x08000d70   0x00000018   Code   RO          228    i.IsKeyDown3        bsp_key.o
    0x08000d88   0x00000018   Code   RO          229    i.IsKeyDown4        bsp_key.o
    0x08000da0   0x00000018   Code   RO          230    i.IsKeyDown5        bsp_key.o
    0x08000db8   0x00000018   Code   RO          231    i.IsKeyDown6        bsp_key.o
    0x08000dd0   0x00000018   Code   RO          232    i.IsKeyDown7        bsp_key.o
    0x08000de8   0x00000018   Code   RO          233    i.IsKeyDown8        bsp_key.o
    0x08000e00   0x00000016   Code   RO          234    i.IsKeyDown9        bsp_key.o
    0x08000e16   0x00000004   Code   RO          592    i.MemManage_Handler  stm32f4xx_it.o
    0x08000e1a   0x00000002   Code   RO          593    i.NMI_Handler       stm32f4xx_it.o
    0x08000e1c   0x00000078   Code   RO         1323    i.NVIC_Init         misc.o
    0x08000e94   0x00000014   Code   RO         1324    i.NVIC_PriorityGroupConfig  misc.o
    0x08000ea8   0x0000003a   Code   RO          844    i.OLED_Fill         bsp_oled12864.o
    0x08000ee2   0x00000002   PAD
    0x08000ee4   0x00000068   Code   RO          845    i.OLED_GPIO_Config  bsp_oled12864.o
    0x08000f4c   0x000000e8   Code   RO          846    i.OLED_Init         bsp_oled12864.o
    0x08001034   0x00000028   Code   RO          847    i.OLED_SetPos       bsp_oled12864.o
    0x0800105c   0x0000003c   Code   RO          848    i.OLED_WrCmd        bsp_oled12864.o
    0x08001098   0x0000003c   Code   RO          849    i.OLED_WrDat        bsp_oled12864.o
    0x080010d4   0x00000002   Code   RO          594    i.PendSV_Handler    stm32f4xx_it.o
    0x080010d6   0x00000002   PAD
    0x080010d8   0x00000020   Code   RO         1001    i.RCC_AHB1PeriphClockCmd  stm32f4xx_rcc.o
    0x080010f8   0x00000020   Code   RO         1013    i.RCC_APB2PeriphClockCmd  stm32f4xx_rcc.o
    0x08001118   0x000000e8   Code   RO         1022    i.RCC_GetClocksFreq  stm32f4xx_rcc.o
    0x08001200   0x0000002c   Code   RO          759    i.SDA_OUT           bsp_i2c_gpio.o
    0x0800122c   0x00000002   Code   RO          595    i.SVC_Handler       stm32f4xx_it.o
    0x0800122e   0x00000002   PAD
    0x08001230   0x000000ec   Code   RO         1641    i.SetSysClock       system_stm32f4xx.o
    0x0800131c   0x00000008   Code   RO          378    i.SysTick_Handler   bsp_timer.o
    0x08001324   0x00000084   Code   RO          379    i.SysTick_ISR       bsp_timer.o
    0x080013a8   0x00000068   Code   RO         1643    i.SystemInit        system_stm32f4xx.o
    0x08001410   0x00000010   Code   RO          473    i.USART1_IRQHandler  bsp_uart_fifo.o
    0x08001420   0x00000012   Code   RO         1457    i.USART_ClearFlag   stm32f4xx_usart.o
    0x08001432   0x00000018   Code   RO         1461    i.USART_Cmd         stm32f4xx_usart.o
    0x0800144a   0x00000054   Code   RO         1465    i.USART_GetITStatus  stm32f4xx_usart.o
    0x0800149e   0x0000004a   Code   RO         1467    i.USART_ITConfig    stm32f4xx_usart.o
    0x080014e8   0x000000d4   Code   RO         1468    i.USART_Init        stm32f4xx_usart.o
    0x080015bc   0x0000000a   Code   RO         1475    i.USART_ReceiveData  stm32f4xx_usart.o
    0x080015c6   0x00000008   Code   RO         1478    i.USART_SendData    stm32f4xx_usart.o
    0x080015ce   0x000000e6   Code   RO          477    i.UartIRQ           bsp_uart_fifo.o
    0x080016b4   0x00000072   Code   RO          478    i.UartSend          bsp_uart_fifo.o
    0x08001726   0x00000002   PAD
    0x08001728   0x0000003c   Code   RO          479    i.UartVarInit       bsp_uart_fifo.o
    0x08001764   0x00000004   Code   RO          596    i.UsageFault_Handler  stm32f4xx_it.o
    0x08001768   0x00000260   Code   RO          850    i._Draw_Font_Prop   bsp_oled12864.o
    0x080019c8   0x000000a4   Code   RO          851    i._Draw_One_Ascii   bsp_oled12864.o
    0x08001a6c   0x000000d4   Code   RO          852    i._Draw_One_HZ      bsp_oled12864.o
    0x08001b40   0x0000008c   Code   RO          853    i._Draw_String_Ascii  bsp_oled12864.o
    0x08001bcc   0x00000070   Code   RO          854    i._Draw_String_HZ_H  bsp_oled12864.o
    0x08001c3c   0x00000020   Code   RO         1883    i.__0printf$8       mc_w.l(printf8.o)
    0x08001c5c   0x0000000e   Code   RO         1979    i.__scatterload_copy  mc_w.l(handlers.o)
    0x08001c6a   0x00000002   Code   RO         1980    i.__scatterload_null  mc_w.l(handlers.o)
    0x08001c6c   0x0000000e   Code   RO         1981    i.__scatterload_zeroinit  mc_w.l(handlers.o)
    0x08001c7a   0x00000006   Code   RO          380    i.__set_PRIMASK     bsp_timer.o
    0x08001c80   0x00000006   Code   RO          480    i.__set_PRIMASK     bsp_uart_fifo.o
    0x08001c86   0x00000002   PAD
    0x08001c88   0x00000410   Code   RO         1890    i._printf_core      mc_w.l(printf8.o)
    0x08002098   0x00000024   Code   RO         1891    i._printf_post_padding  mc_w.l(printf8.o)
    0x080020bc   0x0000002e   Code   RO         1892    i._printf_pre_padding  mc_w.l(printf8.o)
    0x080020ea   0x00000002   PAD
    0x080020ec   0x00000034   Code   RO          381    i.bsp_CheckTimer    bsp_timer.o
    0x08002120   0x00000044   Code   RO          382    i.bsp_DelayMS       bsp_timer.o
    0x08002164   0x000000cc   Code   RO          235    i.bsp_DetectKey     bsp_key.o
    0x08002230   0x00000002   Code   RO          660    i.bsp_Idle          bsp.o
    0x08002232   0x00000018   Code   RO          661    i.bsp_Init          bsp.o
    0x0800224a   0x00000002   PAD
    0x0800224c   0x00000038   Code   RO          760    i.bsp_InitI2C       bsp_i2c_gpio.o
    0x08002284   0x0000000c   Code   RO          239    i.bsp_InitKey       bsp_key.o
    0x08002290   0x00000088   Code   RO          240    i.bsp_InitKeyHard   bsp_key.o
    0x08002318   0x000000d4   Code   RO          241    i.bsp_InitKeyVar    bsp_key.o
    0x080023ec   0x00000070   Code   RO          338    i.bsp_InitLed       bsp_led.o
    0x0800245c   0x0000009c   Code   RO          385    i.bsp_InitTimer     bsp_timer.o
    0x080024f8   0x00000010   Code   RO          481    i.bsp_InitUart      bsp_uart_fifo.o
    0x08002508   0x00000016   Code   RO          242    i.bsp_KeyScan       bsp_key.o
    0x0800251e   0x00000002   PAD
    0x08002520   0x00000038   Code   RO          340    i.bsp_LedOff        bsp_led.o
    0x08002558   0x0000004c   Code   RO          342    i.bsp_LedToggle     bsp_led.o
    0x080025a4   0x00000020   Code   RO          243    i.bsp_PutKey        bsp_key.o
    0x080025c4   0x00000008   Code   RO          662    i.bsp_RunPer10ms    bsp.o
    0x080025cc   0x00000002   Code   RO          663    i.bsp_RunPer1ms     bsp.o
    0x080025ce   0x0000001c   Code   RO          386    i.bsp_SoftTimerDec  bsp_timer.o
    0x080025ea   0x00000002   PAD
    0x080025ec   0x000000a8   Code   RO          387    i.bsp_StartAutoTimer  bsp_timer.o
    0x08002694   0x0000002e   Code   RO          485    i.comSendBuf        bsp_uart_fifo.o
    0x080026c2   0x00000010   Code   RO          486    i.comSendChar       bsp_uart_fifo.o
    0x080026d2   0x00000012   Code   RO          488    i.fputc             bsp_uart_fifo.o
    0x080026e4   0x0000000e   Code   RO          762    i.i2c_Delay         bsp_i2c_gpio.o
    0x080026f2   0x00000002   PAD
    0x080026f4   0x0000002c   Code   RO          768    i.i2c_Stop          bsp_i2c_gpio.o
    0x08002720   0x00000100   Code   RO            7    i.main              main.o
    0x08002820   0x00000c7c   Data   RO          209    .constdata          hzmix.o
    0x0800349c   0x00000030   Data   RO          391    .constdata          bsp_timer.o
    0x080034cc   0x00000020   Data   RO         1977    Region$$Table       anon$$obj.o


    Execution Region RW_IRAM1 (Base: 0x20000000, Size: 0x00005160, Max: 0x00020000, ABSOLUTE)

    Base Addr    Size         Type   Attr      Idx    E Section Name        Object

    0x20000000   0x0000000d   Data   RW          392    .data               bsp_timer.o
    0x2000000d   0x00000010   Data   RW         1045    .data               stm32f4xx_rcc.o
    0x2000001d   0x00000003   PAD
    0x20000020   0x00000014   Data   RW         1644    .data               system_stm32f4xx.o
    0x20000034   0x00000004   Data   RW         1951    .data               mc_w.l(stdout.o)
    0x20000038   0x000000ad   Zero   RW          244    .bss                bsp_key.o
    0x200000e5   0x00000003   PAD
    0x200000e8   0x00000030   Zero   RW          390    .bss                bsp_timer.o
    0x20000118   0x00000828   Zero   RW          489    .bss                bsp_uart_fifo.o
    0x20000940   0x00000800   Zero   RW          855    .bss                bsp_oled12864.o
    0x20001140   0x00000020   Zero   RW          953    .bss                bsp_hx711.o
    0x20001160   0x00004000   Zero   RW          993    STACK               startup_stm32f4xx.o


==============================================================================

Image component sizes


      Code (inc. data)   RO Data    RW Data    ZI Data      Debug   Object Name

        36          0          0          0          0       1967   bsp.o
       590         24          0          0         32       4539   bsp_hx711.o
       158         16          0          0          0       2191   bsp_i2c_gpio.o
       854        114          0          0        173       9705   bsp_key.o
       244         16          0          0          0       1759   bsp_led.o
      1942         64          0          0       2048      10376   bsp_oled12864.o
       618        138         48         13         48      26365   bsp_timer.o
       786         34          0          0       2088       7970   bsp_uart_fifo.o
        30          0          0          0          0        995   font.o
         0          0       3196          0          0       8360   hzmix.o
      1610         50          0          0          0     252448   main.o
       140         24          0          0          0       1771   misc.o
        36          8        392          0      16384        940   startup_stm32f4xx.o
       232          0          0          0          0       2601   stm32f4xx_gpio.o
       108         50          0          0          0       4124   stm32f4xx_it.o
       296         30          0         16          0       4106   stm32f4xx_rcc.o
       430          8          0          0          0       5909   stm32f4xx_usart.o
       340         32          0         20          0       1969   system_stm32f4xx.o

    ----------------------------------------------------------------------
      8476        608       3668         52      20776     348095   Object Totals
         0          0         32          0          0          0   (incl. Generated)
        26          0          0          3          3          0   (incl. Padding)

    ----------------------------------------------------------------------

      Code (inc. data)   RO Data    RW Data    ZI Data      Debug   Library Member Name

         0          0          0          0          0          0   entry.o
         0          0          0          0          0          0   entry10a.o
         0          0          0          0          0          0   entry11a.o
         8          4          0          0          0          0   entry2.o
         4          0          0          0          0          0   entry5.o
         0          0          0          0          0          0   entry7b.o
         0          0          0          0          0          0   entry8b.o
         8          4          0          0          0          0   entry9a.o
        30          0          0          0          0          0   handlers.o
        36          8          0          0          0         68   init.o
        30          0          0          0          0         68   llshl.o
        32          0          0          0          0         68   llushr.o
      1154         54          0          0          0        352   printf8.o
         0          0          0          4          0          0   stdout.o
        98          0          0          0          0         92   uldiv.o

    ----------------------------------------------------------------------
      1404         70          0          4          0        648   Library Totals
         4          0          0          0          0          0   (incl. Padding)

    ----------------------------------------------------------------------

      Code (inc. data)   RO Data    RW Data    ZI Data      Debug   Library Name

      1400         70          0          4          0        648   mc_w.l

    ----------------------------------------------------------------------
      1404         70          0          4          0        648   Library Totals

    ----------------------------------------------------------------------

==============================================================================


      Code (inc. data)   RO Data    RW Data    ZI Data      Debug   

      9880        678       3668         56      20776     339687   Grand Totals
      9880        678       3668         56      20776     339687   ELF Image Totals
      9880        678       3668         56          0          0   ROM Totals

==============================================================================

    Total RO  Size (Code + RO Data)                13548 (  13.23kB)
    Total RW  Size (RW Data + ZI Data)             20832 (  20.34kB)
    Total ROM Size (Code + RO Data + RW Data)      13604 (  13.29kB)

==============================================================================

